--------- beginning of system
04-02 22:53:44.504   741   884 I ActivityManager: Force stopping com.studioagents.app appid=10229 user=0: from pid 11620
04-02 22:53:44.527   741   884 W ProcessStats: Tracking association SourceState{31de4e2 system/1000 BFgs #3290} whose proc state 4 is better than process ProcessState{226f4a3 com.google.android.ext.services/10212 pkg=com.google.android.ext.services} proc state 14 (0 skipped)
--------- beginning of main
04-02 22:53:44.538  1252  1252 D CarrierSvcBindHelper: onHandleForceStop: [com.studioagents.app]
04-02 22:53:44.539  1252  1252 D CarrierSvcBindHelper: No carrier app for: 0
04-02 22:53:44.563   741   974 I HalDevMgr: bestIfaceCreationProposal is null, requestIface=STA, existingIface=[name=wlan0 type=STA]
04-02 22:53:46.755  2273  2273 I artd    : GetBestInfo: odex next to the dex file (/data/app/~~5A9rNzwosbgWl0uSBZpy9A==/com.google.android.gms-secq-1URpF3TYmp3ZdWbug==/oat/x86_64/base.odex) is kOatUpToDate with filter 'speed-profile' executable 'false'
04-02 22:53:46.761   741  1996 W ActivityTaskManager: callingPackage for (uid=2000, pid=11630) has no WPC
04-02 22:53:46.765   741  1996 V GrammaticalInflectionUtils: AttributionSource: android.content.AttributionSource@32d6ef16 does not have READ_SYSTEM_GRAMMATICAL_GENDER permission.
04-02 22:53:46.767  2273  2273 I artd    : GetBestInfo: dm (/data/app/~~5A9rNzwosbgWl0uSBZpy9A==/com.google.android.gms-secq-1URpF3TYmp3ZdWbug==/split_AdsDynamite_installtime.dm) is kOatUpToDate with filter 'verify' executable 'false'
04-02 22:53:46.773  1257  1257 D RecentsView: onTaskDisplayChanged: 14, new displayId = 0
04-02 22:53:46.777  2273  2273 I artd    : GetBestInfo: dm (/data/app/~~5A9rNzwosbgWl0uSBZpy9A==/com.google.android.gms-secq-1URpF3TYmp3ZdWbug==/split_CronetDynamite_installtime.dm) is kOatUpToDate with filter 'verify' executable 'false'
04-02 22:53:46.785   529   701 I libbinder.BpBinder: onLastStrongRef automatically unlinking death recipients for binder (0x7c91c944d0f0) with descriptor: '(not cached)'
04-02 22:53:46.786  2273  7369 I artd    : GetBestInfo: dm (/data/app/~~5A9rNzwosbgWl0uSBZpy9A==/com.google.android.gms-secq-1URpF3TYmp3ZdWbug==/split_DynamiteLoader_installtime.dm) is kOatUpToDate with filter 'verify' executable 'false'
04-02 22:53:46.795  2273  7369 I artd    : GetBestInfo: dm (/data/app/~~5A9rNzwosbgWl0uSBZpy9A==/com.google.android.gms-secq-1URpF3TYmp3ZdWbug==/split_DynamiteModulesA_installtime.dm) is kOatUpToDate with filter 'verify' executable 'false'
04-02 22:53:46.799   741   760 D CompatChangeReporter: Compat change id reported: 377864165; UID 10229; state: ENABLED
04-02 22:53:46.804  2273  7369 I artd    : GetBestInfo: dm (/data/app/~~5A9rNzwosbgWl0uSBZpy9A==/com.google.android.gms-secq-1URpF3TYmp3ZdWbug==/split_DynamiteModulesC_installtime.dm) is kOatUpToDate with filter 'verify' executable 'false'
04-02 22:53:46.811  2273  7369 I artd    : GetBestInfo: dm (/data/app/~~5A9rNzwosbgWl0uSBZpy9A==/com.google.android.gms-secq-1URpF3TYmp3ZdWbug==/split_GoogleCertificates_installtime.dm) is kOatUpToDate with filter 'verify' executable 'false'
04-02 22:53:46.815   741  1996 V ActivityTaskManager: TaskLaunchParamsModifier: phase=3 task=Task{a07dd7b #14 type=standard A=10229:com.studioagents.app} activity=ActivityRecord{29683978 u0 com.studioagents.app/.MainActivity t-1} display-from-task=0 display-id=0 task-display-area-windowing-mode=1 suggested-display-area=DefaultTaskDisplayArea@47980518 inherit-from-task=fullscreen non-freeform-task-display-area display-area=DefaultTaskDisplayArea@47980518 skip-bounds-fullscreen
04-02 22:53:46.815   741  1996 I ActivityTaskManager: START u0 {flg=0x10000000 xflg=0x5 cmp=com.studioagents.app/.MainActivity} with LAUNCH_SINGLE_TASK from uid 2000 (com.android.shell) (BAL_ALLOW_PERMISSION) result code=0
04-02 22:53:46.815  1257  1257 D BaseActivity: Launcher flags updated: [state_started|state_resumed|state_deferred_resumed|state_window_focused|state_user_active] -[]
04-02 22:53:46.818   741   774 V GrammaticalInflectionUtils: AttributionSource: android.content.AttributionSource@32d6ef16 does not have READ_SYSTEM_GRAMMATICAL_GENDER permission.
04-02 22:53:46.819  1105  1197 V WindowManagerShell: Transition requested (#22): android.os.BinderProxy@488a000 TransitionRequestInfo { type = OPEN, triggerTask = TaskInfo{userId=0 taskId=14 effectiveUid=10229 displayId=0 isRunning=true baseIntent=Intent { flg=0x10000000 cmp=com.studioagents.app/.MainActivity } baseActivity=ComponentInfo{com.studioagents.app/com.studioagents.app.MainActivity} topActivity=ComponentInfo{com.studioagents.app/com.studioagents.app.MainActivity} origActivity=null realActivity=ComponentInfo{com.studioagents.app/com.studioagents.app.MainActivity} realActivityIsAppLockEnabled=false numActivities=1 lastActiveTime=9499000 supportsMultiWindow=true supportsMultiWindowWithoutConstraints=true resizeMode=1 isResizeable=true minWidth=-1 minHeight=-1 defaultMinSize=220 token=WCT{android.os.BinderProxy@eec5039} topActivityType=1 pictureInPictureParams=null shouldDockBigOverlays=false launchIntoPipHostTaskId=-1 lastParentTaskIdBeforePip=-1 displayCutoutSafeInsets=Rect(0, 159 - 0, 0) topActivityInfo=ActivityInfo{25b67e com.studioagents.app.MainActivity} launchCookies=[] positionInParent=Point(0, 0) parentTaskId=-1 isFocused=false isInteractive=false isVisible=false isVisibleRequested=false isTopActivityNoDisplay=false isSleeping=false locusId=null displayAreaFeatureId=1 isTopActivityTransparent=false isActivityStackTransparent=false lastNonFullscreenBounds=null leafTaskBoundsFromOptions= false capturedLink=null capturedLinkTimestamp=0 requestedVisibleTypes=503 topActivityRequestOpenInBrowserEducationTimestamp=0 appCompatTaskInfo=AppCompatTaskInfo { topActivityInSizeCompat=false isLeafTask= true eligibleForLetterboxEducation= false isLetterboxEducationEnabled= true isLetterboxDoubleTapEnabled= false eligibleForUserAspectRatioButton= false topActivityBoundsLetterboxed= false isFromLetterboxDoubleTap= false topActivityLetterboxVerticalPosition= -1 topActivityLetterboxHorizontalPosition= -1 topActivityLetterboxWidth=-1 topActivityLetterboxHeight=-1 topActivityAppBounds=Rect(0, 0 - 1344, 2992) isUserFullscreenOverrideEnabled=false isSystemFullscreenOverrideEnabled=false hasMinAspectRatioOverride=false topActivityLetterboxBounds=null topNonResizableActivityAspectRatio=-1.0} topActivityMainWindowFrame=null isAppBubble=false}, pipChange = null, remoteTransitionInfo = null, displayChange = null, requestedLocation = null, userChange = null, windowingLayerChange = null, fullscreenRequestChange = null, flags = 0, debugId = 22 }
04-02 22:53:46.819  1105  1197 W DisconnectHandler: No disconnect change found in the transition, not handling request.
04-02 22:53:46.819  1105  1197 V ShellDesktopMode: DesktopTasksController: skipping handleRequest reason=triggerTask's display doesn't support desktop mode
04-02 22:53:46.820  1257  1257 D BaseActivity: Launcher flags updated: [state_started|state_resumed|state_deferred_resumed|state_window_focused] -[state_user_active]
04-02 22:53:46.820  1105  1197 D ShellSplitScreen: logExit: no-op, mLoggerSessionId is null
04-02 22:53:46.820  1257  1257 D BaseActivity: Launcher flags updated: [state_started|state_window_focused] -[state_resumed|state_deferred_resumed]
04-02 22:53:46.824  2273  2273 I artd    : GetBestInfo: dm (/data/app/~~5A9rNzwosbgWl0uSBZpy9A==/com.google.android.gms-secq-1URpF3TYmp3ZdWbug==/split_MapsDynamite_installtime.dm) is kOatUpToDate with filter 'verify' executable 'false'
04-02 22:53:46.828  1257  1257 W SplitSelectStateCtor: Missing session instanceIds
04-02 22:53:46.828  1257  1257 D StatsLog: LAUNCHER_SPLIT_SELECTION_EXIT_INTERRUPTED
04-02 22:53:46.832  2273  7369 I artd    : GetBestInfo: dm (/data/app/~~5A9rNzwosbgWl0uSBZpy9A==/com.google.android.gms-secq-1URpF3TYmp3ZdWbug==/split_MeasurementDynamite_installtime.dm) is kOatUpToDate with filter 'verify' executable 'false'
04-02 22:53:46.833   741  1891 W InputChannel-JNI: Channel already disposed.
04-02 22:53:46.840  1105  1197 D WindowManagerShell: setLauncherKeepClearAreaHeight: visible=false, height=567
04-02 22:53:46.848  1105  1197 V RecentTasksController: Notify recent tasks changed
04-02 22:53:46.850  2273  2273 I artd    : GetBestInfo: /data/user_de/0/com.google.android.gms/app_chimera/m/00000008/dl-TfliteDynamiteDynamite.integ_243930802100800.apk has no usable artifacts
04-02 22:53:46.851  2273  7369 I artd    : GetBestInfo: /data/user_de/0/com.google.android.gms/app_chimera/m/00000001/CronetDynamite.apk has no usable artifacts
04-02 22:53:46.854  1105  1197 D ShellDesktopMode: DesktopRepository(0): Removes freeform task: taskId=13
04-02 22:53:46.854  1105  1197 W ShellDesktopMode: DesktopRepository(0): No display id found for task: taskId=13
04-02 22:53:46.854  1105  1197 V RecentTasksController: Notify recent tasks changed
04-02 22:53:46.866  2273  2273 I artd    : GetBestInfo: /data/user_de/0/com.google.android.gms/app_chimera/m/00000009/dl-Appsearch.optional_260235100800.apk has no usable artifacts
04-02 22:53:46.872  2273  2273 I artd    : GetBestInfo: /data/user_de/0/com.google.android.gms/app_chimera/m/00000016/dl-MlkitOcrCommon.optional_261133100800.apk has no usable artifacts
04-02 22:53:46.873  2273  7369 I artd    : GetBestInfo: /data/user_de/0/com.google.android.gms/app_chimera/m/00000002/DynamiteLoader.apk has no usable artifacts
04-02 22:53:46.874  2273  2273 I artd    : GetBestInfo: /data/user_de/0/com.google.android.gms/app_chimera/m/00000005/GoogleCertificates.apk has no usable artifacts
04-02 22:53:46.881  2273  2273 I artd    : GetBestInfo: /data/user_de/0/com.google.android.gms/app_chimera/m/00000014/dl-Appsearch.optional_261133100800.apk has no usable artifacts
04-02 22:53:46.885   741  1799 V WindowManager: Defer transition id=22 for TaskFragmentTransaction=android.os.Binder@d72829
04-02 22:53:46.889  2273  2273 I artd    : GetBestInfo: /data/user_de/0/com.google.android.gms/app_chimera/m/00000015/dl-MlkitBarcodeUi.optional_261133100800.apk has no usable artifacts
04-02 22:53:46.896  2273  7369 I artd    : GetBestInfo: /data/user_de/0/com.google.android.gms/app_chimera/m/00000012/dl-VisionOcr.optional_261133100000.apk has no usable artifacts
04-02 22:53:46.896   741  1891 D WindowManager: setClientSurface Surface(name=VRI-Splash Screen com.studioagents.app#199)/@0x86376c8 for b2ff544 Splash Screen com.studioagents.app
04-02 22:53:46.898  1257  1257 D RecentTasksList: invalidateLoadedTasks - previous requestLoadId: 8
04-02 22:53:46.899  1257  1257 V TaskbarRecentAppsController: reloadRecentTasksIfNeeded: load recents tasks
04-02 22:53:46.899  1257  1257 D RecentTasksList: invalidateLoadedTasks - previous requestLoadId: 8
04-02 22:53:46.899  1257  1257 V TaskbarRecentAppsController: reloadRecentTasksIfNeeded: tried to reload while loading recents tasks
04-02 22:53:46.901  2273  2273 I artd    : GetBestInfo: vdex next to the dex file (/data/user/0/com.google.android.gms/app_dg_cache/BB2AE5A47BB198AF36C19CFD2B6407061A1BAF30/oat/x86_64/the.vdex) is kOatUpToDate with filter 'verify' executable 'false'
04-02 22:53:46.903  2273  7369 I artd    : GetBestInfo: /data/user_de/0/com.google.android.gms/app_chimera/m/00000010/dl-TfliteDynamiteDynamite.integ_252130102100800.apk has no usable artifacts
04-02 22:53:46.910  2273  7369 I artd    : GetBestInfo: /data/user_de/0/com.google.android.gms/app_chimera/m/00000013/dl-PlayCloudSearch.optional_261133100000.apk has no usable artifacts
04-02 22:53:46.911  1105  1197 V RecentTasksController: generateList(getRecentTasks)
04-02 22:53:46.911  1105  1197 V RecentTasksController: initializeDesksMap - allDeskIds: []
04-02 22:53:46.911  1105  1197 V RecentTasksController: Task 14 is not an active desktop task
04-02 22:53:46.911  1105  1197 V RecentTasksController: Added fullscreen task: 14
04-02 22:53:46.911   741   885 V WindowManager: Continue transition id=22 for TaskFragmentTransaction=android.os.Binder@d72829
04-02 22:53:46.914  2273  2273 I artd    : GetBestInfo: /data/user_de/0/com.google.android.gms/app_chimera/m/0000000e/dl-PlayCloudSearch.optional_260235100000.apk has no usable artifacts
04-02 22:53:46.915  1105  1197 V RecentTasksController: Task 7 is not an active desktop task
04-02 22:53:46.916  1105  1197 V RecentTasksController: Added fullscreen task: 7
04-02 22:53:46.917  1105  1197 V RecentTasksController: generateList - complete
04-02 22:53:46.921  1257  1339 D RecentTasksList: loadTasksInBackground - isDeviceLocked(0): false
04-02 22:53:46.921  1257  1339 D RecentTasksList: getTasks - loadTasksInBackground: 9
04-02 22:53:46.927  1105  1324 I Surface : Creating surface for consumer unnamed-1105-8 with slotExpansion=1 for 64 slots
04-02 22:53:46.928  2273  7369 I artd    : GetBestInfo: /data/user_de/0/com.google.android.gms/app_chimera/m/00000007/MeasurementDynamite.apk has no usable artifacts
04-02 22:53:46.928  1105  1324 I Surface : Creating surface for consumer VRI[app]#8(BLAST Consumer)8 with slotExpansion=1 for 64 slots
04-02 22:53:46.948   462   462 D Zygote  : Forked child process 11634
04-02 22:53:46.951   741   785 W ActivityManager: Slow operation: 133ms so far, now at startProcess: returned from zygote!
04-02 22:53:46.952   741   785 W ActivityManager: Slow operation: 134ms so far, now at startProcess: done updating battery stats
04-02 22:53:46.952   741   785 W ActivityManager: Slow operation: 134ms so far, now at startProcess: building log message
04-02 22:53:46.952   741   785 I ActivityManager: Start proc 11634:com.studioagents.app/u0a229 for next-top-activity {com.studioagents.app/com.studioagents.app.MainActivity}
04-02 22:53:46.952   741   785 W ActivityManager: Slow operation: 134ms so far, now at startProcess: starting to update pids map
04-02 22:53:46.957   741   785 W ActivityManager: Slow operation: 139ms so far, now at startProcess: done updating pids map
04-02 22:53:46.958  1257  1257 D RecentTasksList: getTasks - updating mResultsUi: 9
04-02 22:53:46.958  1257  1257 V TaskbarRecentAppsController: reloadRecentTasksIfNeeded: reload recents tasks
04-02 22:53:46.962  1257  1257 V TaskbarRecentAppsController: reloadRecentTasksIfNeeded: load recents tasks
04-02 22:53:46.978  1105  1197 V RecentTasksController: generateList(getRecentTasks)
04-02 22:53:46.978  1105  1197 V RecentTasksController: initializeDesksMap - allDeskIds: []
04-02 22:53:46.978  1105  1197 V RecentTasksController: Task 14 is not an active desktop task
04-02 22:53:46.978  1105  1197 V RecentTasksController: Added fullscreen task: 14
04-02 22:53:46.978  1105  1197 V RecentTasksController: Task 7 is not an active desktop task
04-02 22:53:46.978  1105  1197 V RecentTasksController: Added fullscreen task: 7
04-02 22:53:46.978  1105  1197 V RecentTasksController: generateList - complete
04-02 22:53:46.978  1257  1257 D BaseActivity: Launcher flags updated: [state_started] -[state_window_focused]
04-02 22:53:46.979  1105  1197 V RecentTasksController: Notify recent tasks changed
04-02 22:53:46.979  1257  1339 D RecentTasksList: loadTasksInBackground - isDeviceLocked(0): false
04-02 22:53:46.979  1257  1339 D RecentTasksList: getTasks - loadTasksInBackground: 10
04-02 22:53:47.005 11634 11634 I Zygote  : Process 11634 created for com.studioagents.app
04-02 22:53:47.007 11634 11634 I tudioagents.app: Late-enabling -Xcheck:jni
04-02 22:53:47.012  1105  1197 V RecentTasksController: generateList(getRecentTasks)
04-02 22:53:47.012  1105  1197 V RecentTasksController: initializeDesksMap - allDeskIds: []
04-02 22:53:47.013  1105  1197 V RecentTasksController: Task 14 is not an active desktop task
04-02 22:53:47.013  1105  1197 V RecentTasksController: Added fullscreen task: 14
04-02 22:53:47.013  1105  1197 V RecentTasksController: Task 7 is not an active desktop task
04-02 22:53:47.013  1105  1197 V RecentTasksController: Added fullscreen task: 7
04-02 22:53:47.013  1105  1197 V RecentTasksController: generateList - complete
04-02 22:53:47.040   741   771 V WindowManager: Sent Transition (#22) createdAt=04-02 22:53:46.767 via request=TransitionRequestInfo { type = OPEN, triggerTask = TaskInfo{userId=0 taskId=14 effectiveUid=10229 displayId=0 isRunning=true baseIntent=Intent { flg=0x10000000 cmp=com.studioagents.app/.MainActivity } baseActivity=ComponentInfo{com.studioagents.app/com.studioagents.app.MainActivity} topActivity=ComponentInfo{com.studioagents.app/com.studioagents.app.MainActivity} origActivity=null realActivity=ComponentInfo{com.studioagents.app/com.studioagents.app.MainActivity} realActivityIsAppLockEnabled=false numActivities=1 lastActiveTime=9499000 supportsMultiWindow=true supportsMultiWindowWithoutConstraints=true resizeMode=1 isResizeable=true minWidth=-1 minHeight=-1 defaultMinSize=220 token=WCT{RemoteToken{59d3774 Task{a07dd7b #14 type=standard A=10229:com.studioagents.app}}} topActivityType=1 pictureInPictureParams=null shouldDockBigOverlays=false launchIntoPipHostTaskId=-1 lastParentTaskIdBeforePip=-1 displayCutoutSafeInsets=Rect(0, 159 - 0, 0) topActivityInfo=ActivityInfo{28e249d com.studioagents.app.MainActivity} launchCookies=[] positionInParent=Point(0, 0) parentTaskId=-1 isFocused=false isInteractive=false isVisible=false isVisibleRequested=false isTopActivityNoDisplay=false isSleeping=false locusId=null displayAreaFeatureId=1 isTopActivityTransparent=false isActivityStackTransparent=false lastNonFullscreenBounds=null leafTaskBoundsFromOptions= false capturedLink=null capturedLinkTimestamp=0 requestedVisibleTypes=503 topActivityRequestOpenInBrowserEducationTimestamp=0 appCompatTaskInfo=AppCompatTaskInfo { topActivityInSizeCompat=false isLeafTask= true eligibleForLetterboxEducation= false isLetterboxEducationEnabled= true isLetterboxDoubleTapEnabled= false eligibleForUserAspectRatioButton= false topActivityBoundsLetterboxed= false isFromLetterboxDoubleTap= false topActivityLetterboxVerticalPosition= -1 topActivityLetterboxHorizontalPosition= -1 topActivityLetterboxWidth=-1 topActivityLetterboxHeight=-1 topActivityAppBounds=Rect(0, 0 - 1344, 2992) isUserFullscreenOverrideEnabled=false isSystemFullscreenOverrideEnabled=false hasMinAspectRatioOverride=false topActivityLetterboxBounds=null topNonResizableActivityAspectRatio=-1.0} topActivityMainWindowFrame=null isAppBubble=false}, pipChange = null, remoteTransitionInfo = null, displayChange = null, requestedLocation = null, userChange = null, windowingLayerChange = null, fullscreenRequestChange = null, flags = 0, debugId = 22 }
04-02 22:53:47.051   741   771 V WindowManager:     startWCT=WindowContainerTransaction { changes= {} hops= [] flags= 0 errorCallbackToken=null taskFragmentOrganizer=null }
04-02 22:53:47.051   741   771 V WindowManager:     info={id=22 t=OPEN f=0x0 trk=0 r=[0@Point(0, 0)] c=[
04-02 22:53:47.051   741   771 V WindowManager:         {WCT{RemoteToken{59d3774 Task{a07dd7b #14 type=standard A=10229:com.studioagents.app}}} m=OPEN f=MOVE_TO_TOP leash=Surface(name=Task=14#196)/@0x4ac1e86 sb=Rect(0, 0 - 1344, 2992) eb=Rect(0, 0 - 1344, 2992) epz=Point(1344, 2992) d=0 taskParent=-1 winMode=1 userId=0},
04-02 22:53:47.051   741   771 V WindowManager:         {WCT{RemoteToken{6259fdd Task{90ac8dc #1 type=home}}} m=TO_BACK f=SHOW_WALLPAPER leash=Surface(name=Task=1#34)/@0xa2ca2fa sb=Rect(0, 0 - 1344, 2992) eb=Rect(0, 0 - 1344, 2992) epz=Point(1344, 2992) d=0 taskParent=-1 winMode=1 userId=0},
04-02 22:53:47.051   741   771 V WindowManager:         {m=TO_BACK f=IS_WALLPAPER leash=Surface(name=WallpaperWindowToken{a0f1a09}#53)/@0xc597125 sb=Rect(0, 0 - 1344, 2992) eb=Rect(0, 0 - 1344, 2992) epz=Point(1344, 2992) d=0}
04-02 22:53:47.051   741   771 V WindowManager:     ]}
04-02 22:53:47.058  1257  1257 D RecentTasksList: invalidateLoadedTasks - previous requestLoadId: 10
04-02 22:53:47.058  1257  1257 V TaskbarRecentAppsController: reloadRecentTasksIfNeeded: tried to reload while loading recents tasks
04-02 22:53:47.058  1257  1257 D RecentTasksList: getTasks - updating mResultsUi: 10
04-02 22:53:47.059  1257  1257 V TaskbarRecentAppsController: reloadRecentTasksIfNeeded: reload recents tasks
04-02 22:53:47.060  1105  1197 V ShellTaskOrganizer: Task appeared taskId=14 listener=FullscreenTaskListener
04-02 22:53:47.060  1105  1197 V ShellTaskOrganizer: Fullscreen Task Appeared: #14
04-02 22:53:47.060  1257  1257 V TaskbarRecentAppsController: reloadRecentTasksIfNeeded: load recents tasks
04-02 22:53:47.061  1105  1197 V RecentTasksController: Notify recent tasks changed
04-02 22:53:47.076  1105  1132 V WindowManagerShell: onTransitionReady(transaction=3182570768272)
04-02 22:53:47.080  1105  1197 V RecentTasksController: generateList(getRecentTasks)
04-02 22:53:47.080  1105  1197 V RecentTasksController: initializeDesksMap - allDeskIds: []
04-02 22:53:47.080  1105  1197 V RecentTasksController: Task 14 is not an active desktop task
04-02 22:53:47.080  1105  1197 V RecentTasksController: Added fullscreen task: 14
04-02 22:53:47.080  1105  1197 V RecentTasksController: Task 7 is not an active desktop task
04-02 22:53:47.080  1105  1197 V RecentTasksController: Added fullscreen task: 7
04-02 22:53:47.080  1105  1197 V RecentTasksController: generateList - complete
04-02 22:53:47.081  1105  1197 V WindowManagerShell: onTransitionReady (#22) android.os.BinderProxy@488a000: {id=22 t=OPEN f=0x0 trk=0 r=[0@Point(0, 0)] c=[
04-02 22:53:47.081  1105  1197 V WindowManagerShell:         {m=OPEN f=MOVE_TO_TOP leash=Surface(name=Task=14#196)/@0xa4b9a9 sb=Rect(0, 0 - 1344, 2992) eb=Rect(0, 0 - 1344, 2992) epz=Point(1344, 2992) d=0 taskParent=-1 winMode=1 userId=0},
04-02 22:53:47.081  1105  1197 V WindowManagerShell:         {m=TO_BACK f=SHOW_WALLPAPER leash=Surface(name=Task=1#34)/@0x86abb2e sb=Rect(0, 0 - 1344, 2992) eb=Rect(0, 0 - 1344, 2992) epz=Point(1344, 2992) d=0 taskParent=-1 winMode=1 userId=0},
04-02 22:53:47.081  1105  1197 V WindowManagerShell:         {m=TO_BACK f=IS_WALLPAPER leash=Surface(name=WallpaperWindowToken{a0f1a09}#53)/@0xe0de6cf sb=Rect(0, 0 - 1344, 2992) eb=Rect(0, 0 - 1344, 2992) epz=Point(1344, 2992) d=0}
04-02 22:53:47.081  1105  1197 V WindowManagerShell:     ]}
04-02 22:53:47.086  1257  1339 D RecentTasksList: loadTasksInBackground - isDeviceLocked(0): false
04-02 22:53:47.086  1257  1339 D RecentTasksList: getTasks - loadTasksInBackground: 11
04-02 22:53:47.096  1105  1197 V WindowManagerShell: Playing animation for (#22) android.os.BinderProxy@488a000@0
04-02 22:53:47.100  1105  1197 D ShellSplitScreen: startAnimation: transition=22 isSplitActive=false
04-02 22:53:47.100  1105  1197 V ShellRecents: RecentsTransitionHandler.startAnimation: no controller found
04-02 22:53:47.100  1105  1197 V ShellDesktopMode: DesktopMixedTransitionHandler: No pending desktop transition
04-02 22:53:47.100  1105  1197 V WindowManagerShell: Transition doesn't have explicit remote, search filters for match for {id=22 t=OPEN f=0x0 trk=0 r=[0@Point(0, 0)] c=[{m=OPEN f=MOVE_TO_TOP leash=Surface(name=Task=14#196)/@0xa4b9a9 sb=Rect(0, 0 - 1344, 2992) eb=Rect(0, 0 - 1344, 2992) epz=Point(1344, 2992) d=0 taskParent=-1 winMode=1 userId=0},{m=TO_BACK f=SHOW_WALLPAPER leash=Surface(name=Task=1#34)/@0x86abb2e sb=Rect(0, 0 - 1344, 2992) eb=Rect(0, 0 - 1344, 2992) epz=Point(1344, 2992) d=0 taskParent=-1 winMode=1 userId=0},{m=TO_BACK f=IS_WALLPAPER leash=Surface(name=WallpaperWindowToken{a0f1a09}#53)/@0xe0de6cf sb=Rect(0, 0 - 1344, 2992) eb=Rect(0, 0 - 1344, 2992) epz=Point(1344, 2992) d=0}]}
04-02 22:53:47.100  1105  1197 V WindowManagerShell:  Checking filter Pair{{types=[] flags=0x0 notFlags=0x0 checks=[{atype=undefined independent=true modes=[CLOSE,TO_BACK] flags=IN_TASK_WITH_EMBEDDED_ACTIVITY mustBeTask=false order=ANY topActivity=null launchCookie=null taskFragmentToken=android.os.BinderProxy@8c0350c windowingMode=undefined isCrossDisplayMove=false}]} RemoteTransition { remoteTransition = android.window.IRemoteTransition$Stub$Proxy@d486e55, appThread = android.app.IApplicationThread$Stub$Proxy@433106a, debugName = overlayBackTransition, filter = {types=[] flags=0x0 notFlags=0x0 checks=[{atype=undefined independent=true modes=[CLOSE,TO_BACK] flags=IN_TASK_WITH_EMBEDDED_ACTIVITY mustBeTask=false order=ANY topActivity=null launchCookie=null taskFragmentToken=android.os.BinderProxy@8c0350c windowingMode=undefined isCrossDisplayMove=false}]} }}
04-02 22:53:47.104  1257  1257 D RecentTasksList: invalidateLoadedTasks - previous requestLoadId: 11
04-02 22:53:47.105  1257  1257 V TaskbarRecentAppsController: reloadRecentTasksIfNeeded: tried to reload while loading recents tasks
04-02 22:53:47.107  1105  1197 V WindowManagerShell:  Checking filter Pair{{types=[] flags=0x0 notFlags=0x0 checks=[{atype=dream independent=true modes=[OPEN,TO_FRONT] flags=NONE mustBeTask=false order=ANY topActivity=null launchCookie=null windowingMode=undefined isCrossDisplayMove=false},{atype=home independent=true modes=[CLOSE,TO_BACK] flags=NONE mustBeTask=false order=ANY topActivity=null launchCookie=null windowingMode=undefined isCrossDisplayMove=false}]} RemoteTransition { remoteTransition = android.window.IRemoteTransition$Stub$Proxy@4ba795b, appThread = android.app.IApplicationThread$Stub$Proxy@bc195f8, debugName = LauncherToDream, filter = {types=[] flags=0x0 notFlags=0x0 checks=[{atype=dream independent=true modes=[OPEN,TO_FRONT] flags=NONE mustBeTask=false order=ANY topActivity=null launchCookie=null windowingMode=undefined isCrossDisplayMove=false},{atype=home independent=true modes=[CLOSE,TO_BACK] flags=NONE mustBeTask=false order=ANY topActivity=null launchCookie=null windowingMode=undefined isCrossDisplayMove=false}]} }}
04-02 22:53:47.107  1105  1197 V WindowManagerShell:  Checking filter Pair{{types=[] flags=0x0 notFlags=0x0 checks=[{atype=standard independent=false modes=[CHANGE] flags=NONE mustBeTask=true order=ANY topActivity=null launchCookie=null windowingMode=undefined isCrossDisplayMove=true}]} RemoteTransition { remoteTransition = android.window.IRemoteTransition$Stub$Proxy@2ee9ad1, appThread = android.app.IApplicationThread$Stub$Proxy@169c936, debugName = QuickstepDisplayMove, filter = {types=[] flags=0x0 notFlags=0x0 checks=[{atype=standard independent=false modes=[CHANGE] flags=NONE mustBeTask=true order=ANY topActivity=null launchCookie=null windowingMode=undefined isCrossDisplayMove=true}]} }}
04-02 22:53:47.108  1105  1197 V WindowManagerShell:  Checking filter Pair{{types=[] flags=0x0 notFlags=0x100 checks=[{atype=home independent=true modes=[OPEN,TO_FRONT] flags=NONE mustBeTask=false order=ANY topActivity=ComponentInfo{com.google.android.apps.nexuslauncher/com.google.android.apps.nexuslauncher.NexusLauncherActivity} launchCookie=null windowingMode=undefined isCrossDisplayMove=false},{atype=standard independent=true modes=[CLOSE,TO_BACK] flags=NONE mustBeTask=false order=ANY topActivity=null launchCookie=null windowingMode=undefined isCrossDisplayMove=false},{NOT atype=undefined independent=true modes=[] flags=NONE mustBeTask=true order=ANY topActivity=null launchCookie=null customAnim=true windowingMode=undefined isCrossDisplayMove=false}]} RemoteTransition { remoteTransition = android.window.IRemoteTransition$Stub$Proxy@b1d5037, appThread = android.app.IApplicationThread$Stub$Proxy@b7619a4, debugName = QuickstepLaunchHome, filter = {types=[] flags=0x0 notFlags=0x100 checks=[{atype=home independent=true modes=[OPEN,TO_FRONT] flags=NONE mustBeTask=false order=ANY topActivity=ComponentInfo{com.google.android.apps.nexuslauncher/com.google.android.apps.nexuslauncher.NexusLauncherActivity} launchCookie=null windowingMode=undefined isCrossDisplayMove=false},{atype=standard independent=true modes=[CLOSE,TO_BACK] flags=NONE mustBeTask=false order=ANY topActivity=null launchCookie=null windowingMode=undefined isCrossDisplayMove=false},{NOT atype=undefined independent=true modes=[] flags=NONE mustBeTask=true order=ANY topActivity=null launchCookie=null customAnim=true windowingMode=undefined isCrossDisplayMove=false}]} }}
04-02 22:53:47.108  1105  1197 V WindowManagerShell:  Checking filter Pair{{types=[OPEN,TO_FRONT] flags=0x0 notFlags=0x0 checks=[{atype=standard independent=true modes=[OPEN,TO_FRONT] flags=NONE mustBeTask=true order=ANY topActivity=null launchCookie=null windowingMode=freeform isCrossDisplayMove=false}]} RemoteTransition { remoteTransition = android.window.IRemoteTransition$Stub$Proxy@3226917, appThread = null, debugName = DesktopWindowLimitUnminimize, filter = {types=[OPEN,TO_FRONT] flags=0x0 notFlags=0x0 checks=[{atype=standard independent=true modes=[OPEN,TO_FRONT] flags=NONE mustBeTask=true order=ANY topActivity=null launchCookie=null windowingMode=freeform isCrossDisplayMove=false}]} }}
04-02 22:53:47.109  1105  1197 V WindowManagerShell:  Delegate animation for (#22) to null
04-02 22:53:47.112  1105  1197 V WindowManagerShell: start default transition animation, info = {id=22 t=OPEN f=0x0 trk=0 r=[0@Point(0, 0)] c=[{m=OPEN f=MOVE_TO_TOP leash=Surface(name=Task=14#196)/@0xa4b9a9 sb=Rect(0, 0 - 1344, 2992) eb=Rect(0, 0 - 1344, 2992) epz=Point(1344, 2992) d=0 taskParent=-1 winMode=1 userId=0},{m=TO_BACK f=SHOW_WALLPAPER leash=Surface(name=Task=1#34)/@0x86abb2e sb=Rect(0, 0 - 1344, 2992) eb=Rect(0, 0 - 1344, 2992) epz=Point(1344, 2992) d=0 taskParent=-1 winMode=1 userId=0},{m=TO_BACK f=IS_WALLPAPER leash=Surface(name=WallpaperWindowToken{a0f1a09}#53)/@0xe0de6cf sb=Rect(0, 0 - 1344, 2992) eb=Rect(0, 0 - 1344, 2992) epz=Point(1344, 2992) d=0}]}
04-02 22:53:47.119  1105  1197 V WindowManagerShell: loadAnimation: anim=android.view.animation.AnimationSet@4a30206 animAttr=0x13 type=OPEN isEntrance=false
04-02 22:53:47.126 11634 11634 I tudioagents.app: Using generational CollectorTypeCMC GC.
04-02 22:53:47.129 11634 11634 W tudioagents.app: Unexpected CPU variant for x86: x86_64.
04-02 22:53:47.129 11634 11634 W tudioagents.app: Known variants: atom, sandybridge, silvermont, goldmont, goldmont-plus, goldmont-without-sha-xsaves, tremont, kabylake, alderlake, lunarlake, default
04-02 22:53:47.130  1105  1197 V WindowManagerShell: loadAnimation: anim=android.view.animation.AnimationSet@35d3892 animAttr=0x12 type=OPEN isEntrance=true
04-02 22:53:47.135  1105  1197 V WindowManagerShell:  animated by com.android.wm.shell.transition.DefaultTransitionHandler@901f0e3
04-02 22:53:47.160   540   566 I adbd    : jdwp connection from 11634
04-02 22:53:47.188  1257  1257 D RecentTasksList: getTasks - updating mResultsUi: 11
04-02 22:53:47.188  1257  1257 V TaskbarRecentAppsController: reloadRecentTasksIfNeeded: reload recents tasks
04-02 22:53:47.188  1257  1257 V TaskbarRecentAppsController: reloadRecentTasksIfNeeded: load recents tasks
04-02 22:53:47.193  1257  6455 D ThumbnailData: Updating thumbnail.density from 640 to 480
04-02 22:53:47.195  1105  1197 V RecentTasksController: generateList(getRecentTasks)
04-02 22:53:47.195  1105  1197 V RecentTasksController: initializeDesksMap - allDeskIds: []
04-02 22:53:47.195  1105  1197 V RecentTasksController: Task 14 is not an active desktop task
04-02 22:53:47.195  1105  1197 V RecentTasksController: Added fullscreen task: 14
04-02 22:53:47.196  1105  1197 V RecentTasksController: Task 7 is not an active desktop task
04-02 22:53:47.196  1105  1197 V RecentTasksController: Added fullscreen task: 7
04-02 22:53:47.196  1105  1197 V RecentTasksController: generateList - complete
04-02 22:53:47.197 11634 11634 D nativeloader: Load libframework-connectivity-tiramisu-jni.so using APEX ns com_android_tethering for caller /apex/com.android.tethering/javalib/framework-connectivity-t.jar: ok
04-02 22:53:47.209   529   560 W skia    : AGTM parsing failed flags.readFromStream(s) at 159
04-02 22:53:47.209   529   560 W skia    : AGTM parsing failed flags.readFromStream(s) at 159
04-02 22:53:47.216  1257  1339 D RecentTasksList: loadTasksInBackground - isDeviceLocked(0): false
04-02 22:53:47.216  1257  1339 D RecentTasksList: getTasks - loadTasksInBackground: 12
04-02 22:53:47.235  1257  1257 D ThumbnailData: Updating thumbnail.density from 640 to 480
04-02 22:53:47.235  1257  1257 D RecentTasksList: getTasks - updating mResultsUi: 12
04-02 22:53:47.313   529   560 W skia    : AGTM parsing failed flags.readFromStream(s) at 159
04-02 22:53:47.313   529   560 W skia    : AGTM parsing failed flags.readFromStream(s) at 159
04-02 22:53:47.436  1105  1197 V WindowManagerShell: Transition animation finished (aborted=false), notifying core (#22) android.os.BinderProxy@488a000@0
04-02 22:53:47.444   741   771 V WindowManager: Finish Transition (#22): created at 04-02 22:53:46.767 collect-started=0.072ms request-sent=44.046ms started=65.739ms ready=258.018ms sent=266.253ms commit=107.931ms finished=675.477ms
04-02 22:53:47.449  1105  1197 V WindowManagerShell: Track 0 became idle
04-02 22:53:47.453  1105  1197 V WindowManagerShell: All active transition animations finished
04-02 22:53:47.456  1105  1569 D WallpaperService: onVisibilityChanged(false): com.android.systemui.wallpapers.ImageWallpaper$CanvasEngine@2ccd145
04-02 22:53:47.486  1257  1257 D VRI[NexusLauncherActivity]: visibilityChanged oldVisibility=true newVisibility=false
04-02 22:53:47.487  1257  1279 I s.nexuslauncher: NativeAlloc concurrent mark compact GC freed 2377KB AllocSpace bytes, 0(0B) LOS objects, 49% free, 7333KB/14MB, paused 1.311ms,88.955ms total 253.598ms
04-02 22:53:47.487  1257  1279 W s.nexuslauncher: Reducing the number of considered missed Gc histogram windows from 879 to 100
04-02 22:53:47.509  1257  1257 D SmartspaceInteractor: notifySmartspaceEvent: SmartspaceTargetEvent{mSmartspaceTarget=null, mSmartspaceActionId='null', mEventType=7}
04-02 22:53:47.519   529   560 W skia    : AGTM parsing failed flags.readFromStream(s) at 159
04-02 22:53:47.529  1257  1257 D BaseActivity: Launcher flags updated: [] -[state_started]
04-02 22:53:47.529  1257  1257 D BaseDepthController: setSurface:
04-02 22:53:47.529  1257  1257 D BaseDepthController: 	mWaitingOnSurfaceValidity: false
04-02 22:53:47.529  1257  1257 D BaseDepthController: 	mBaseSurface: null
04-02 22:53:47.529  1257  1257 D BaseDepthController: mSurface is null and mCurrentBlur is: 0
04-02 22:53:47.532  1257  1257 D LauncherStateManager: StateManager.goToState: fromState: Normal, toState: Normal, partial trace:
04-02 22:53:47.532  1257  1257 D LauncherStateManager: 	at com.android.launcher3.statemanager.StateManager.moveToRestState(go/retraceme 7226a759aa2bb3787a79806f85d80eaad84f1f1e15acd6db988f2df789d1680d:26)
04-02 22:53:47.532  1257  1257 D LauncherStateManager: 	at com.android.launcher3.statemanager.StateManager.moveToRestState(go/retraceme 7226a759aa2bb3787a79806f85d80eaad84f1f1e15acd6db988f2df789d1680d:35)
04-02 22:53:47.532  1257  1257 D LauncherStateManager: 	at com.android.launcher3.statemanager.StatefulActivity.onStop(go/retraceme 7226a759aa2bb3787a79806f85d80eaad84f1f1e15acd6db988f2df789d1680d:31)
04-02 22:53:47.532  1257  1257 D LauncherStateManager: StateManager.onRepeatStateSetAborted: state: Normal
04-02 22:53:47.532  1257  1257 D KeyboardStateManager: hideKeyboard
04-02 22:53:47.532  1257  1257 D KeyboardStateManager: isImeShown: false
04-02 22:53:47.532  1257  1257 D StatsLog: LAUNCHER_ONSTOP
04-02 22:53:47.536  1257  1257 D StatsLog: LAUNCHER_GOOGLE_SEARCH_RESTORE_LIST_SIZE_AFTER_ACTIVITY_RESTART
04-02 22:53:47.571   741   974 I HalDevMgr: bestIfaceCreationProposal is null, requestIface=STA, existingIface=[name=wlan0 type=STA]
04-02 22:53:47.691  1086  1086 I wpa_supplicant: wlan0: CTRL-EVENT-BEACON-LOSS 
04-02 22:53:47.934 11634 11634 D nativeloader: Configuring clns-9 for other apk /data/app/~~kFd9lELZwyHfb-sKUN4KKw==/com.studioagents.app-kRMhunWLsgri6PP-WOjumA==/base.apk. target_sdk_version=36, uses_libraries=, library_path=/data/app/~~kFd9lELZwyHfb-sKUN4KKw==/com.studioagents.app-kRMhunWLsgri6PP-WOjumA==/lib/x86_64, permitted_path=/data:/mnt/expand:/data/user/0/com.studioagents.app
04-02 22:53:48.000 11634 11634 V GraphicsEnvironment: Currently set values for:
04-02 22:53:48.000 11634 11634 V GraphicsEnvironment:   angle_gl_driver_selection_pkgs=[]
04-02 22:53:48.000 11634 11634 V GraphicsEnvironment:   angle_gl_driver_selection_values=[]
04-02 22:53:48.000 11634 11634 V GraphicsEnvironment: com.studioagents.app is not listed in per-application setting
04-02 22:53:48.001 11634 11634 V GraphicsEnvironment: No special selections for ANGLE, returning default driver choice
04-02 22:53:48.005 11634 11634 V GraphicsEnvironment: Neither updatable production driver nor prerelease driver is supported.
04-02 22:53:48.118 11634 11651 I DisplayManager: Choreographer implicitly registered for the refresh rate.
04-02 22:53:48.235 11634 11634 D DesktopExperienceFlags: Toggle override initialized to: false
04-02 22:53:48.273 11634 11634 D AppCompatDelegate: Checking for metadata for AppLocalesMetadataHolderService : Service not found
04-02 22:53:48.399 11634 11634 D CompatChangeReporter: Compat change id reported: 377864165; UID 10229; state: ENABLED
04-02 22:53:48.400 11634 11634 D DesktopModeFlags: Toggle override initialized to: OVERRIDE_UNSET
04-02 22:53:48.415 11634 11651 I GFXSTREAM: [eglDisplay.cpp(297)] Opening libGLESv1_CM_emulation.so
04-02 22:53:48.420 11634 11651 I GFXSTREAM: [eglDisplay.cpp(297)] Opening libGLESv2_emulation.so
04-02 22:53:48.455 11634 11651 W HWUI    : Failed to choose config with EGL_SWAP_BEHAVIOR_PRESERVED, retrying without...
04-02 22:53:48.458 11634 11651 W HWUI    : Failed to initialize 101010-2 format, error = EGL_SUCCESS
04-02 22:53:48.469 11634 11634 I tudioagents.app: hiddenapi: Accessing hidden method Landroid/view/ViewGroup;->makeOptionalFitsSystemWindows()V (runtime_flags=0, domain=platform, api=unsupported) from Landroidx/appcompat/widget/ViewUtils; (domain=app, TargetSdkVersion=36) using reflection: allowed
04-02 22:53:48.501 11634 11634 I WebViewFactory: Loading com.google.android.webview version 145.0.7632.45 (code 763204538)
04-02 22:53:48.531 11634 11634 V ResourcesManager: The following library key has been added: ResourcesKey{ mHash=9cb3b115 mResDir=null mSplitDirs=[] mOverlayDirs=[] mLibDirs=[/data/app/~~xXPKTBG-A_jkA-P6QnV74g==/com.google.android.webview-f58OrwhnoxPucxUJ9dSZyw==/WebViewGoogle.apk,/data/app/~~H4kwfKg7y3y8u2u5jLkBWw==/com.google.android.trichromelibrary_763204538-OUXOSNvAsHaPQ9lJLXIoeg==/TrichromeLibrary.apk,/system_ext/framework/androidx.window.extensions.jar] mDisplayId=0 mOverrideConfig=v37 mCompatInfo={480dpi always-compat} mLoaders=[]}
04-02 22:53:48.540 11634 11634 W tudioagents.app: Failed to find entry 'classes.dex': Entry not found
04-02 22:53:48.544 11634 11634 D nativeloader: Configuring clns-10 for other apk /data/app/~~H4kwfKg7y3y8u2u5jLkBWw==/com.google.android.trichromelibrary_763204538-OUXOSNvAsHaPQ9lJLXIoeg==/TrichromeLibrary.apk. target_sdk_version=36, uses_libraries=ALL, library_path=/data/app/~~xXPKTBG-A_jkA-P6QnV74g==/com.google.android.webview-f58OrwhnoxPucxUJ9dSZyw==/lib/x86_64:/data/app/~~xXPKTBG-A_jkA-P6QnV74g==/com.google.android.webview-f58OrwhnoxPucxUJ9dSZyw==/WebViewGoogle.apk!/lib/x86_64:/data/app/~~H4kwfKg7y3y8u2u5jLkBWw==/com.google.android.trichromelibrary_763204538-OUXOSNvAsHaPQ9lJLXIoeg==/TrichromeLibrary.apk!/lib/x86_64, permitted_path=/data:/mnt/expand
04-02 22:53:48.569 11634 11634 D ApplicationLoaders: Returning zygote-cached class loader: /system_ext/framework/androidx.window.extensions.jar
04-02 22:53:48.584 11634 11634 D nativeloader: Configuring clns-11 for other apk /data/app/~~xXPKTBG-A_jkA-P6QnV74g==/com.google.android.webview-f58OrwhnoxPucxUJ9dSZyw==/WebViewGoogle.apk. target_sdk_version=36, uses_libraries=, library_path=/data/app/~~xXPKTBG-A_jkA-P6QnV74g==/com.google.android.webview-f58OrwhnoxPucxUJ9dSZyw==/lib/x86_64:/data/app/~~xXPKTBG-A_jkA-P6QnV74g==/com.google.android.webview-f58OrwhnoxPucxUJ9dSZyw==/WebViewGoogle.apk!/lib/x86_64:/data/app/~~H4kwfKg7y3y8u2u5jLkBWw==/com.google.android.trichromelibrary_763204538-OUXOSNvAsHaPQ9lJLXIoeg==/TrichromeLibrary.apk!/lib/x86_64, permitted_path=/data:/mnt/expand
04-02 22:53:48.744 11634 11634 I cr_WVCFactoryProvider: version=145.0.7632.45 (763204538) minSdkVersion=29 multiprocess=true packageId=2 splits=<none>
04-02 22:53:48.849 11634 11634 D nativeloader: Load /data/app/~~H4kwfKg7y3y8u2u5jLkBWw==/com.google.android.trichromelibrary_763204538-OUXOSNvAsHaPQ9lJLXIoeg==/TrichromeLibrary.apk!/lib/x86_64/libmonochrome_64.so using class loader ns clns-11 (caller=/data/app/~~xXPKTBG-A_jkA-P6QnV74g==/com.google.android.webview-f58OrwhnoxPucxUJ9dSZyw==/WebViewGoogle.apk): ok
04-02 22:53:48.887 11634 11634 D nativeloader: Load /system/lib64/libwebviewchromium_plat_support.so using class loader ns clns-11 (caller=/data/app/~~xXPKTBG-A_jkA-P6QnV74g==/com.google.android.webview-f58OrwhnoxPucxUJ9dSZyw==/WebViewGoogle.apk): ok
04-02 22:53:48.901 11634 11658 E chromium: [0402/225348.900495:ERROR:android_webview/browser/variations/variations_seed_loader.cc:39] Seed missing signature.
04-02 22:53:48.904 11634 11658 I chromium: [0402/225348.904287:INFO:android_webview/browser/variations/variations_seed_loader.cc:67] Failed to open file for reading.: No such file or directory (2)
04-02 22:53:48.943 11634 11634 I cr_LibraryLoader: Successfully loaded native library
04-02 22:53:48.946 11634 11634 I cr_CachingUmaRecorder: Flushed 18 samples from 18 histograms, 0 samples were dropped.
04-02 22:53:48.955 11634 11634 I cr_ChildProcLH: ScopedServiceBindingBatch.tryActivate: false
04-02 22:53:48.960 11634 11634 I cr_CombinedPProvider: #registerProvider() provider:WV.qk@cacf9b5 isPolicyCacheEnabled:false policyProvidersSize:0
04-02 22:53:48.964 11634 11634 I cr_PolicyProvider: #setManagerAndSource() 0
04-02 22:53:48.978 11634 11634 I cr_DisplayManager: Is Display Topology available: false
04-02 22:53:49.009   741  1891 V GrammaticalInflectionUtils: AttributionSource: android.content.AttributionSource@ee13aed2 does not have READ_SYSTEM_GRAMMATICAL_GENDER permission.
04-02 22:53:49.029  1198  1198 D Zygote  : Forked child process 11662
04-02 22:53:49.043 11662 11662 I Zygote  : Process 11662 created for com.google.android.webview:sandboxed_process0:org.chromium.content.app.SandboxedProcessService0:0
04-02 22:53:49.043 11662 11662 I ocessService0:0: Using generational CollectorTypeCMC GC.
04-02 22:53:49.046 11662 11662 W ocessService0:0: Unexpected CPU variant for x86: x86_64.
04-02 22:53:49.046 11662 11662 W ocessService0:0: Known variants: atom, sandybridge, silvermont, goldmont, goldmont-plus, goldmont-without-sha-xsaves, tremont, kabylake, alderlake, lunarlake, default
04-02 22:53:49.049 11634 11634 I cr_CombinedPProvider: #linkNativeInternal() 1
04-02 22:53:49.051 11634 11634 I cr_AppResProvider: #getApplicationRestrictionsFromUserManager() Bundle[EMPTY_PARCEL]
04-02 22:53:49.052 11634 11634 I cr_PolicyProvider: #notifySettingsAvailable() 0
04-02 22:53:49.052 11634 11634 I cr_CombinedPProvider: #onSettingsAvailable() 0
04-02 22:53:49.052 11634 11634 I cr_CombinedPProvider: #flushPolicies()
04-02 22:53:49.060 11662 11662 D nativeloader: Load libframework-connectivity-tiramisu-jni.so using APEX ns com_android_tethering for caller /apex/com.android.tethering/javalib/framework-connectivity-t.jar: ok
04-02 22:53:49.079   741  1891 D ActivityManager: sync unfroze 11309 com.google.android.gms for 6
04-02 22:53:49.079   741   785 W ActivityManager: Slow operation: 71ms so far, now at startProcess: returned from zygote!
04-02 22:53:49.087 11309 11309 D BoundBrokerSvc: onBind: Intent { act=com.google.android.gms.safetynet.service.START xflg=0x4 pkg=com.google.android.gms }
04-02 22:53:49.088 11309 11309 D BoundBrokerSvc: Loading bound service for intent: Intent { act=com.google.android.gms.safetynet.service.START xflg=0x4 pkg=com.google.android.gms }
04-02 22:53:49.089   741  1996 W ActivityManager: Slow operation: 81ms so far, now at startProcess: done updating battery stats
04-02 22:53:49.090   741  1996 W ActivityManager: Slow operation: 81ms so far, now at startProcess: building log message
04-02 22:53:49.090   741  1996 I ActivityManager: Start proc 11662:com.google.android.webview:sandboxed_process0:org.chromium.content.app.SandboxedProcessService0:0/u0i1 for bound-service {com.studioagents.app/org.chromium.content.app.SandboxedProcessService0:0}
04-02 22:53:49.090   741  1996 W ActivityManager: Slow operation: 81ms so far, now at startProcess: starting to update pids map
04-02 22:53:49.090   741  1996 W ActivityManager: Slow operation: 81ms so far, now at startProcess: done updating pids map
04-02 22:53:49.153 11662 11662 D ApplicationLoaders: Returning zygote-cached class loader: /system_ext/framework/androidx.window.extensions.jar
04-02 22:53:49.186 11662 11662 I LoadedApk: No resource references to update in package com.google.android.trichromelibrary
04-02 22:53:49.194 11662 11662 I cr_WebViewApkApp: version=145.0.7632.45 (763204538) minSdkVersion=29 processName=com.google.android.webview:sandboxed_process0:org.chromium.content.app.SandboxedProcessService0:0 splits=<none>
04-02 22:53:49.194 11309 11350 W TracingHelper: Mismatched RequestContext found for module CORE. Module id from RequestContext is MODULEID_UNKNOWN [CONTEXT service_id=259 ratelimit_count=1410065408 ]
04-02 22:53:49.224  1453  1453 D BoundBrokerSvc: onRebind: Intent { act=com.google.android.gms.libs.gmscorelogger.service.START dat=chimera-action:/... xflg=0x4 cmp=com.google.android.gms/.chimera.PersistentDirectBootAwareApiService }
04-02 22:53:49.224 11634 11634 W chromium: [WARNING:android_webview/browser/network_service/net_helpers.cc:137] HTTP Cache size is: 20971520
04-02 22:53:49.231 11662 11662 I cr_ChildProcessService: Creating new ChildProcessService pid=11662
04-02 22:53:49.252 11309 11309 D BoundBrokerSvc: onBind: Intent { act=com.google.android.gms.safebrowsing.SafeBrowsingService.START dat=chimera-action:/... xflg=0x4 cmp=com.google.android.gms/.chimera.GmsBoundBrokerService }
04-02 22:53:49.252 11309 11309 D BoundBrokerSvc: Loading bound service for intent: Intent { act=com.google.android.gms.safebrowsing.SafeBrowsingService.START dat=chimera-action:/... xflg=0x4 cmp=com.google.android.gms/.chimera.GmsBoundBrokerService }
04-02 22:53:49.318   741  1799 D ConnectivityService: requestNetwork for uid/pid:10229/11634 activeRequest: null callbackRequest: 260 [NetworkRequest [ REQUEST id=261, [ Capabilities: INTERNET&NOT_RESTRICTED&TRUSTED&NOT_VCN_MANAGED&NOT_BANDWIDTH_CONSTRAINED Uid: 10229 RequestorUid: 10229 RequestorPkg: com.studioagents.app UnderlyingNetworks: Null] ]] callback flags: 0 order: 2147483647 isUidTracked: false declaredMethods: AVAIL|LOST|NC|LP
04-02 22:53:49.323   741   974 D WifiNetworkFactory: got request NetworkRequest [ REQUEST id=261, [ Capabilities: INTERNET&NOT_RESTRICTED&TRUSTED&NOT_VCN_MANAGED&NOT_BANDWIDTH_CONSTRAINED Uid: 10229 RequestorUid: 10229 RequestorPkg: com.studioagents.app UnderlyingNetworks: Null] ]
04-02 22:53:49.324   741   974 D UntrustedWifiNetworkFactory: got request NetworkRequest [ REQUEST id=261, [ Capabilities: INTERNET&NOT_RESTRICTED&TRUSTED&NOT_VCN_MANAGED&NOT_BANDWIDTH_CONSTRAINED Uid: 10229 RequestorUid: 10229 RequestorPkg: com.studioagents.app UnderlyingNetworks: Null] ]
04-02 22:53:49.324   741   974 D OemPaidWifiNetworkFactory: got request NetworkRequest [ REQUEST id=261, [ Capabilities: INTERNET&NOT_RESTRICTED&TRUSTED&NOT_VCN_MANAGED&NOT_BANDWIDTH_CONSTRAINED Uid: 10229 RequestorUid: 10229 RequestorPkg: com.studioagents.app UnderlyingNetworks: Null] ]
04-02 22:53:49.325   741   974 D MultiInternetWifiNetworkFactory: got request NetworkRequest [ REQUEST id=261, [ Capabilities: INTERNET&NOT_RESTRICTED&TRUSTED&NOT_VCN_MANAGED&NOT_BANDWIDTH_CONSTRAINED Uid: 10229 RequestorUid: 10229 RequestorPkg: com.studioagents.app UnderlyingNetworks: Null] ]
04-02 22:53:49.325   741   982 D ConnectivityService: NetReassign [261 : null ΓåÆ 104] [c 0] [a 2] [i 4]
04-02 22:53:49.336   741   982 D ConnectivityService: NetReassign [no changes] [c 1] [a 1] [i 2]
04-02 22:53:49.472 11634 11634 D Capacitor: Starting BridgeActivity
04-02 22:53:49.542 11634 11634 D Capacitor: Registering plugin instance: CapacitorCookies
04-02 22:53:49.554 11634 11634 D Capacitor: Registering plugin instance: WebView
04-02 22:53:49.560 11634 11634 D Capacitor: Registering plugin instance: CapacitorHttp
04-02 22:53:49.566 11634 11634 D Capacitor: Registering plugin instance: SystemBars
04-02 22:53:49.576 11634 11634 D Capacitor: Registering plugin instance: Purchases
04-02 22:53:49.681 11634 11634 W Capacitor: Unable to read file at path public/plugins
04-02 22:53:49.694 11634 11634 D Capacitor: Loading app at https://localhost
04-02 22:53:49.773 11662 11689 I cr_LibraryLoader: Successfully loaded native library
04-02 22:53:49.774 11662 11689 I cr_CachingUmaRecorder: Flushed 2 samples from 2 histograms, 0 samples were dropped.
04-02 22:53:49.779 11634 11682 W cr_media: BLUETOOTH_CONNECT permission is missing.
04-02 22:53:49.779 11634 11682 W cr_media: getBluetoothAdapter() requires BLUETOOTH permission
04-02 22:53:49.780 11634 11682 W cr_media: registerBluetoothIntentsIfNeeded: Requires BLUETOOTH permission
04-02 22:53:49.809 11634 11695 W libc    : Access denied finding property "vendor.mesa.log"
04-02 22:53:49.810 11634 11695 W libc    : Access denied finding property "vendor.mesa.log.file"
04-02 22:53:49.810 11634 11682 D AudioSystem: onNewService: media.audio_policy service obtained 0x753e7f041190
04-02 22:53:49.810 11634 11695 E MESA    : Failed to open rendernode: No such file or directory
04-02 22:53:49.810 11634 11695 E MESA    : Failed to open rendernode: No such file or directory
04-02 22:53:49.812 11634 11682 D AudioSystem: getService: IAudioPolicyService retrieved: 0x753e7f041190  cached: 0x753e7f041190
04-02 22:53:49.814   525   552 D NativePermissionController: checkPermission: missing 13 for 10229
04-02 22:53:49.816   525   552 D NativePermissionController: checkPermission: missing 13 for 10229
04-02 22:53:49.824 11634 11677 D Capacitor: Handling local request: https://localhost/
