04-02 22:53:49.825 11662 11689 W chromium: [WARNING:content/child/runtime_features.cc:564] Fenced frames cannot be enabled in this configuration. Use --enable-features=FencedFrames instead.
04-02 22:53:49.825 11662 11689 W chromium: [WARNING:content/child/runtime_features.cc:589] Topics cannot be enabled in this configuration. Use --enable-features=BrowsingTopics in addition.
04-02 22:53:49.825 11662 11689 W chromium: [WARNING:content/child/runtime_features.cc:610] SharedStorage cannot be enabled in this configuration. Use --enable-features=SharedStorageAPI in addition.
04-02 22:53:49.839   525   552 D NativePermissionController: checkPermission: missing 13 for 10229
04-02 22:53:49.840   525   552 D NativePermissionController: checkPermission: missing 13 for 10229
04-02 22:53:49.840 11634 11695 E MESA    : Failed to open rendernode: No such file or directory
04-02 22:53:49.844 11634 11634 D Capacitor: App started
04-02 22:53:49.855 11634 11634 D Capacitor: App resumed
04-02 22:53:49.857 11634 11695 E MESA    : Failed to open rendernode: No such file or directory
04-02 22:53:49.858 11634 11695 E MESA    : Failed to open rendernode: No such file or directory
04-02 22:53:49.868 11634 11695 E MESA    : Failed to open rendernode: No such file or directory
04-02 22:53:49.868 11634 11695 E MESA    : Failed to open rendernode: No such file or directory
04-02 22:53:49.872 11634 11695 E MESA    : Failed to open rendernode: No such file or directory
04-02 22:53:49.872 11634 11695 E MESA    : Failed to open rendernode: No such file or directory
04-02 22:53:49.874 11634 11695 W libc    : Access denied finding property "vendor.mesa.vk.trace.per.submit"
04-02 22:53:49.874 11634 11695 W libc    : Access denied finding property "vendor.mesa.gallium.print.optio"
04-02 22:53:49.874 11634 11695 W libc    : Access denied finding property "vendor.mesa.vk.trace.frame"
04-02 22:53:49.883 11634 11634 W HWUI    : Unknown dataspace 0
04-02 22:53:49.927 11634 11695 E MESA    : Failed to open rendernode: No such file or directory
04-02 22:53:49.933  1453  1552 I FontLog : (REDACTED) Received query %s, URI %s
04-02 22:53:49.933  1453  1552 I FontLog : (REDACTED) Query [%s] resolved to %s
04-02 22:53:49.940   741   884 W InputChannel-JNI: Channel already disposed.
04-02 22:53:49.941  1453  1552 I FontLog : (REDACTED) Font PFD returned from cache for %s
04-02 22:53:49.942  1453  1552 I FontLog : (REDACTED) Fetch %s end status %s
04-02 22:53:49.943 11634 11695 W libc    : Access denied finding property "vendor.mesa.vk.wsi.headless.swa"
04-02 22:53:49.944 11634 11695 E MESA    : Failed to open rendernode: No such file or directory
04-02 22:53:49.945 11634 11695 E MESA    : Failed to open rendernode: No such file or directory
04-02 22:53:49.975   529   560 W skia    : AGTM parsing failed flags.readFromStream(s) at 159
04-02 22:53:49.978  1453  1552 I FontLog : (REDACTED) Pulling font file for id = %d, cache size = %d
04-02 22:53:50.087 11662 11689 E ashmem  : readlink(/proc/self/fd/112) failed: Operation not permitted
04-02 22:53:50.087 11662 11689 E ashmem  : readlink(/proc/self/fd/112) failed: Operation not permitted
04-02 22:53:50.179 11634 11634 D WindowOnBackDispatcher: setTopOnBackInvokedCallback (unwrapped): android.app.Activity$$ExternalSyntheticLambda0@c4b469e
04-02 22:53:50.180 11634 11714 I CameraManagerGlobal: Connecting to camera service
04-02 22:53:50.181   741  1891 D CoreBackPreview: Window{6e77b32 u0 com.studioagents.app/com.studioagents.app.MainActivity}: Setting back callback OnBackInvokedCallbackInfo{mCallback=android.window.IOnBackInvokedCallback$Stub$Proxy@d6f3e8a, mPriority=-1, mIsAnimationCallback=false, mOverrideBehavior=0}
04-02 22:53:50.193  1453  1552 I FontLog : (REDACTED) Received query %s, URI %s
04-02 22:53:50.193 11634 11634 D VRI[MainActivity]: WindowInsets changed: 1344x2992 statusBars:[0,159,0,0] navigationBars:[0,0,0,72] mandatorySystemGestures:[0,195,0,96] 
04-02 22:53:50.193  1453  1552 I FontLog : (REDACTED) Query [%s] resolved to %s
04-02 22:53:50.195  1453  1552 I FontLog : (REDACTED) Fetch %s end status %s
04-02 22:53:50.228 11634 11720 D Capacitor: Handling local request: https://localhost/assets/index-DG-hE_mu.js
04-02 22:53:50.229   741  1799 D WindowManager: setClientSurface Surface(name=VRI-com.studioagents.app/com.studioagents.app.MainActivity#205)/@0xd8d4dd7 for 6e77b32 com.studioagents.app/com.studioagents.app.MainActivity
04-02 22:53:50.229 11634 11721 D Capacitor: Handling local request: https://localhost/assets/vendor-BTuAQXqk.js
04-02 22:53:50.232 11634 11718 D Capacitor: Handling local request: https://localhost/assets/react-vendor-DNKe1vlL.js
04-02 22:53:50.277 11634 11634 I Surface : Creating surface for consumer unnamed-11634-0 with slotExpansion=1 for 64 slots
04-02 22:53:50.282 11634 11634 I Surface : Creating surface for consumer VRI[MainActivity]#0(BLAST Consumer)0 with slotExpansion=1 for 64 slots
04-02 22:53:50.292  1453  1552 I FontLog : (REDACTED) Pulling font file for id = %d, cache size = %d
04-02 22:53:50.324   529   560 W skia    : AGTM parsing failed flags.readFromStream(s) at 159
04-02 22:53:50.336 11634 11691 D Capacitor: Handling local request: https://localhost/assets/icons-aJPIa6Xg.js
04-02 22:53:50.373  1453  1552 I FontLog : (REDACTED) Received query %s, URI %s
04-02 22:53:50.373  1453  1552 I FontLog : (REDACTED) Query [%s] resolved to %s
04-02 22:53:50.377  1453  1552 I FontLog : (REDACTED) Font PFD returned from cache for %s
04-02 22:53:50.378  1453  1552 I FontLog : (REDACTED) Fetch %s end status %s
04-02 22:53:50.379   741  1759 E TaskPersister: File error accessing recents directory (directory doesn't exist?).
04-02 22:53:50.392  1453  1552 I FontLog : (REDACTED) Pulling font file for id = %d, cache size = %d
04-02 22:53:50.419  1453  1552 I FontLog : (REDACTED) Received query %s, URI %s
04-02 22:53:50.419  1453  1552 I FontLog : (REDACTED) Query [%s] resolved to %s
04-02 22:53:50.421  1453  1552 I FontLog : (REDACTED) Font PFD returned from cache for %s
04-02 22:53:50.421  1453  1552 I FontLog : (REDACTED) Fetch %s end status %s
04-02 22:53:50.440  1453  1552 I FontLog : (REDACTED) Pulling font file for id = %d, cache size = %d
04-02 22:53:50.440   529   560 W skia    : AGTM parsing failed flags.readFromStream(s) at 159
04-02 22:53:50.462 11634 11675 D Capacitor: Handling local request: https://localhost/assets/constants-VlztHBuq.js
04-02 22:53:50.476  1453  1552 I FontLog : (REDACTED) Received query %s, URI %s
04-02 22:53:50.477  1453  1552 I FontLog : (REDACTED) Query [%s] resolved to %s
04-02 22:53:50.478  1453  1552 I FontLog : (REDACTED) Font PFD returned from cache for %s
04-02 22:53:50.478  1453  1552 I FontLog : (REDACTED) Fetch %s end status %s
04-02 22:53:50.483  1453  5411 I FontLog : (REDACTED) Pulling font file for id = %d, cache size = %d
04-02 22:53:50.504 11634 11677 D Capacitor: Handling local request: https://localhost/assets/index-DLzJAsZj.css
04-02 22:53:50.591   529   560 W skia    : AGTM parsing failed flags.readFromStream(s) at 159
04-02 22:53:50.595 11634 11647 I HWUI    : Davey! duration=754ms; Flags=1, FrameTimelineVsyncId=130864, IntendedVsync=9501987431822, Vsync=9502337431808, InputEventId=0, HandleInputStart=9502349057643, AnimationStart=9502349060049, PerformTraversalsStart=9502356979689, DrawStart=9502572421181, FrameDeadline=9502004098488, FrameStartTime=9502348653165, FrameInterval=16666666, WorkloadTarget=16666666, SyncQueued=9502649089947, SyncStart=9502659413685, IssueDrawCommandsStart=9502659502564, SwapBuffers=9502720546376, FrameCompleted=9502751842794, DequeueBufferDuration=13704, QueueBufferDuration=20984036, GpuCompleted=9502750958897, SwapBuffersCompleted=9502751842794, DisplayPresentTime=0, CommandSubmissionCompleted=9502720546376, 
04-02 22:53:50.600   741   974 I HalDevMgr: bestIfaceCreationProposal is null, requestIface=STA, existingIface=[name=wlan0 type=STA]
04-02 22:53:50.618   741   771 I ActivityTaskManager: Displayed com.studioagents.app/.MainActivity for user 0: +3s855ms
04-02 22:53:50.647  1210  1365 D IpClient/wlan0: interfaceLinkStateChanged: ifindex 16 up
04-02 22:53:50.686  1210  1365 D IpClient/wlan0: interfaceLinkStateChanged: ifindex 16 up
04-02 22:53:50.688   741   934 I ImeTracker: com.studioagents.app:ea2e3067: onRequestHide at ORIGIN_SERVER reason HIDE_UNSPECIFIED_WINDOW fromUser false userId 0 displayId 0
04-02 22:53:50.710   529   560 W skia    : AGTM parsing failed flags.readFromStream(s) at 159
04-02 22:53:50.710   529   560 W skia    : AGTM parsing failed flags.readFromStream(s) at 159
04-02 22:53:50.713   741  1996 W InputChannel-JNI: Channel already disposed.
04-02 22:53:50.714 11634 11634 D InsetsController: hide(ime())
04-02 22:53:50.720 11634 11634 I ImeTracker: com.studioagents.app:ea2e3067: onCancelled at PHASE_CLIENT_ALREADY_HIDDEN
04-02 22:53:50.728  4986  4986 I GoogleInputMethodService: GoogleInputMethodService.onFinishInput():2113 
04-02 22:53:50.730   741   884 I ImeTracker: system_server:3489586e: onRequestHide at ORIGIN_SERVER reason IME_REQUESTED_CHANGED_LISTENER fromUser false displayId 0
04-02 22:53:50.735  1453  5411 I FontLog : (REDACTED) Received query %s, URI %s
04-02 22:53:50.736   741   774 I ImeTracker: system_server:3489586e: onCancelled at PHASE_SERVER_SHOULD_HIDE
04-02 22:53:50.737  4986  4986 I Module  : DeviceLockedStatusModuleProvider$Module.updateDeviceLockedStatus():103 repeatCheckTimes = 0, locked = false
04-02 22:53:50.739  1453  5411 I FontLog : (REDACTED) Query [%s] resolved to %s
04-02 22:53:50.742  4986  4986 I GoogleInputMethodService: GoogleInputMethodService.onStartInput():1384 onStartInput(EditorInfo{EditorInfo{packageName=com.studioagents.app, inputType=0, inputTypeString=NULL, enableLearning=false, autoCorrection=false, autoComplete=false, imeOptions=12000000, privateImeOptions=null, actionName=UNSPECIFIED, actionLabel=null, initialSelStart=-1, initialSelEnd=-1, initialCapsMode=0, label=null, fieldId=0, fieldName=null, extras=null, hintText=null, hintLocales=[]}}, false)
04-02 22:53:50.742  4986  4986 W AndroidIME: LatinIMEBase.updateInputViewCoverNavigation():319 Null input view, cannot update padding!
04-02 22:53:50.746  1453  5411 I FontLog : (REDACTED) Fetch %s end status %s
04-02 22:53:50.752  4986  4986 I Module  : DeviceLockedStatusModuleProvider$Module.updateDeviceLockedStatus():103 repeatCheckTimes = 1, locked = false
04-02 22:53:50.753   741   884 W PackageConfigPersister: App-specific configuration not found for packageName: com.studioagents.app and userId: 0
04-02 22:53:50.774  1453  5411 I FontLog : (REDACTED) Pulling font file for id = %d, cache size = %d
04-02 22:53:50.786 11634 11742 I HWUI    : Using FreeType backend (prop=Auto)
04-02 22:53:50.799  1453  5411 I FontLog : (REDACTED) Pulling font file for id = %d, cache size = %d
04-02 22:53:50.846   529   560 W skia    : AGTM parsing failed flags.readFromStream(s) at 159
04-02 22:53:50.847   529   560 W skia    : AGTM parsing failed flags.readFromStream(s) at 159
04-02 22:53:50.872 11662 11689 E ashmem  : readlink(/proc/self/fd/119) failed: Operation not permitted
04-02 22:53:50.893 11662 11689 E ashmem  : readlink(/proc/self/fd/120) failed: Operation not permitted
04-02 22:53:50.894 11662 11689 E ashmem  : readlink(/proc/self/fd/122) failed: Operation not permitted
04-02 22:53:50.902 11662 11705 E ashmem  : readlink(/proc/self/fd/121) failed: Operation not permitted
04-02 22:53:50.909 11662 11705 E ashmem  : readlink(/proc/self/fd/123) failed: Operation not permitted
04-02 22:53:50.909 11662 11705 E ashmem  : readlink(/proc/self/fd/125) failed: Operation not permitted
04-02 22:53:50.973 11634 11675 D Capacitor: Handling local request: https://localhost/assets/LandingPage-EDPu-KZL.js
04-02 22:53:50.983 11634 11681 D Capacitor: Handling local request: https://localhost/assets/firebase-DAt-milG.js
04-02 22:53:50.984 11634 11678 D Capacitor: Handling local request: https://localhost/assets/firebase-Bo_dp7zq.js
04-02 22:53:50.994 11634 11678 D Capacitor: Handling local request: https://localhost/assets/agentWhitepapers-hxNmJAwX.js
04-02 22:53:50.995   529   560 W skia    : AGTM parsing failed flags.readFromStream(s) at 159
04-02 22:53:50.995   529   560 W skia    : AGTM parsing failed flags.readFromStream(s) at 159
04-02 22:53:51.125   529   560 W skia    : AGTM parsing failed flags.readFromStream(s) at 159
04-02 22:53:51.125   529   560 W skia    : AGTM parsing failed flags.readFromStream(s) at 159
04-02 22:53:51.137 11662 11704 E ashmem  : readlink(/proc/self/fd/129) failed: Operation not permitted
04-02 22:53:51.140 11662 11704 E ashmem  : readlink(/proc/self/fd/130) failed: Operation not permitted
04-02 22:53:51.429 11634 11677 D Capacitor: Handling local request: https://localhost/assets/HeroProductDemo-CN04vk9j.js
04-02 22:53:51.451 11634 11677 D Capacitor: Handling local request: https://localhost/assets/SingleAgentDemo-Fp64XKPP.js
04-02 22:53:51.462 11634 11675 D Capacitor: Handling local request: https://localhost/assets/MultiAgentDemo-a2Rj_A0j.js
04-02 22:53:51.558   741  1891 V GrammaticalInflectionUtils: AttributionSource: android.content.AttributionSource@e2a329e5 does not have READ_SYSTEM_GRAMMATICAL_GENDER permission.
04-02 22:53:51.596   462   462 D Zygote  : Forked child process 11745
04-02 22:53:51.598   741   785 I ActivityManager: Start proc 11745:com.google.android.webview:webview_service/u0a182 for bound-service {com.google.android.webview/org.chromium.android_webview.services.VariationsSeedServer}
04-02 22:53:51.663 11745 11745 I Zygote  : Process 11745 created for com.google.android.webview:webview_service
04-02 22:53:51.664 11745 11745 I webview_service: Using generational CollectorTypeCMC GC.
04-02 22:53:51.666 11745 11745 W webview_service: Unexpected CPU variant for x86: x86_64.
04-02 22:53:51.666 11745 11745 W webview_service: Known variants: atom, sandybridge, silvermont, goldmont, goldmont-plus, goldmont-without-sha-xsaves, tremont, kabylake, alderlake, lunarlake, default
04-02 22:53:51.695 11745 11745 D nativeloader: Load libframework-connectivity-tiramisu-jni.so using APEX ns com_android_tethering for caller /apex/com.android.tethering/javalib/framework-connectivity-t.jar: ok
04-02 22:53:51.715 11634 11634 W Capacitor/Console: File: https://localhost/assets/firebase-DAt-milG.js - Line 1 - Msg: [2026-04-03T02:53:51.376Z]  @firebase/firestore: Firestore (12.8.0): enableIndexedDbPersistence() will be deprecated in the future, you can use `FirestoreSettings.cache` instead.
04-02 22:53:51.722 11634 11634 I Choreographer: Skipped 30 frames!  The application may be doing too much work on its main thread.
04-02 22:53:51.727   529   560 W skia    : AGTM parsing failed flags.readFromStream(s) at 159
04-02 22:53:51.766   741  1891 W ActivityManager: Slow operation: 55ms so far, now at attachApplicationLocked: after updateOomAdjLocked
04-02 22:53:51.769  1252  1424 D SatelliteController: isInCarrierRoamingNbIotNtn: satellite is disabled
04-02 22:53:51.769  1252  1424 D SatelliteController: getCarrierRoamingNtnConnectType: Checking connect type from PLMN config for subId: 1
04-02 22:53:51.785  1252  1424 D SatelliteController: getSatellitePerPlmnConfiguration: invalid subId or not supported via carrier.
04-02 22:53:51.785  1252  1424 D SatelliteController: getCarrierRoamingNtnConnectType: config: null
04-02 22:53:51.786  1252  1424 D SatelliteController: getCarrierRoamingNtnConnectType: Falling back to global carrier config connect type: 0
04-02 22:53:51.791  1252  1424 D SatelliteController: updateLastNotifiedCarrierRoamingNtnSignalStrengthAndNotify(1)
04-02 22:53:51.794 11745 11745 W webview_service: Failed to find entry 'classes.dex': Entry not found
04-02 22:53:51.797 11745 11745 D nativeloader: Configuring clns-9 for other apk /data/app/~~H4kwfKg7y3y8u2u5jLkBWw==/com.google.android.trichromelibrary_763204538-OUXOSNvAsHaPQ9lJLXIoeg==/TrichromeLibrary.apk. target_sdk_version=36, uses_libraries=ALL, library_path=/data/app/~~xXPKTBG-A_jkA-P6QnV74g==/com.google.android.webview-f58OrwhnoxPucxUJ9dSZyw==/lib/x86_64:/data/app/~~xXPKTBG-A_jkA-P6QnV74g==/com.google.android.webview-f58OrwhnoxPucxUJ9dSZyw==/WebViewGoogle.apk!/lib/x86_64:/data/app/~~H4kwfKg7y3y8u2u5jLkBWw==/com.google.android.trichromelibrary_763204538-OUXOSNvAsHaPQ9lJLXIoeg==/TrichromeLibrary.apk!/lib/x86_64, permitted_path=/data:/mnt/expand:/data/user/0/com.google.android.webview
04-02 22:53:51.803  1252  1424 D SatelliteController: updateLastNotifiedCarrierRoamingNtnSignalStrengthAndNotify(1) lastNotifiedSignalStrength level: 0
04-02 22:53:51.804  1252  1424 D SatelliteController: updateLastNotifiedCarrierRoamingNtnSignalStrengthAndNotify(1) currSignalStrength level: 0
04-02 22:53:51.815 11745 11745 D ApplicationLoaders: Returning zygote-cached class loader: /system_ext/framework/androidx.window.extensions.jar
04-02 22:53:51.840   529   560 W skia    : AGTM parsing failed flags.readFromStream(s) at 159
04-02 22:53:51.851 11745 11745 D nativeloader: Configuring clns-10 for other apk /data/app/~~xXPKTBG-A_jkA-P6QnV74g==/com.google.android.webview-f58OrwhnoxPucxUJ9dSZyw==/WebViewGoogle.apk. target_sdk_version=36, uses_libraries=, library_path=/data/app/~~xXPKTBG-A_jkA-P6QnV74g==/com.google.android.webview-f58OrwhnoxPucxUJ9dSZyw==/lib/x86_64:/data/app/~~xXPKTBG-A_jkA-P6QnV74g==/com.google.android.webview-f58OrwhnoxPucxUJ9dSZyw==/WebViewGoogle.apk!/lib/x86_64:/data/app/~~H4kwfKg7y3y8u2u5jLkBWw==/com.google.android.trichromelibrary_763204538-OUXOSNvAsHaPQ9lJLXIoeg==/TrichromeLibrary.apk!/lib/x86_64, permitted_path=/data:/mnt/expand:/data/user/0/com.google.android.webview
04-02 22:53:51.865 11745 11745 V GraphicsEnvironment: Currently set values for:
04-02 22:53:51.865 11745 11745 V GraphicsEnvironment:   angle_gl_driver_selection_pkgs=[]
04-02 22:53:51.865 11745 11745 V GraphicsEnvironment:   angle_gl_driver_selection_values=[]
04-02 22:53:51.865 11745 11745 V GraphicsEnvironment: com.google.android.webview is not listed in per-application setting
04-02 22:53:51.866 11745 11745 V GraphicsEnvironment: No special selections for ANGLE, returning default driver choice
04-02 22:53:51.875 11745 11745 V GraphicsEnvironment: Neither updatable production driver nor prerelease driver is supported.
04-02 22:53:51.887 11745 11745 I LoadedApk: No resource references to update in package com.google.android.trichromelibrary
04-02 22:53:51.892 11745 11745 I cr_WebViewApkApp: version=145.0.7632.45 (763204538) minSdkVersion=29 processName=com.google.android.webview:webview_service splits=<none>
04-02 22:53:51.909   529   560 W skia    : AGTM parsing failed flags.readFromStream(s) at 159
04-02 22:53:51.909   529   560 W skia    : AGTM parsing failed flags.readFromStream(s) at 159
04-02 22:53:51.909   529   560 W skia    : AGTM parsing failed flags.readFromStream(s) at 159
04-02 22:53:51.910   529   560 W skia    : AGTM parsing failed flags.readFromStream(s) at 159
04-02 22:53:51.938   529   560 W skia    : AGTM parsing failed flags.readFromStream(s) at 159
04-02 22:53:52.047   529   560 W skia    : AGTM parsing failed flags.readFromStream(s) at 159
04-02 22:53:52.059 11662 11702 E ashmem  : readlink(/proc/self/fd/124) failed: Operation not permitted
04-02 22:53:52.106   741   884 D ConnectivityService: requestNetwork for uid/pid:1000/741 asUid: 10182 activeRequest: null callbackRequest: 263 [NetworkRequest [ REQUEST id=264, [ Capabilities: INTERNET&NOT_RESTRICTED&TRUSTED&NOT_VCN_MANAGED&NOT_BANDWIDTH_CONSTRAINED Uid: 10182 RequestorUid: 1000 RequestorPkg: android UnderlyingNetworks: Null] ]] callback flags: 0 order: 2147483647 isUidTracked: false declaredMethods: AVAIL|LOST|BLK
04-02 22:53:52.115   741   974 D WifiNetworkFactory: got request NetworkRequest [ REQUEST id=264, [ Capabilities: INTERNET&NOT_RESTRICTED&TRUSTED&NOT_VCN_MANAGED&NOT_BANDWIDTH_CONSTRAINED Uid: 10182 RequestorUid: 1000 RequestorPkg: android UnderlyingNetworks: Null] ]
04-02 22:53:52.115   741   974 D UntrustedWifiNetworkFactory: got request NetworkRequest [ REQUEST id=264, [ Capabilities: INTERNET&NOT_RESTRICTED&TRUSTED&NOT_VCN_MANAGED&NOT_BANDWIDTH_CONSTRAINED Uid: 10182 RequestorUid: 1000 RequestorPkg: android UnderlyingNetworks: Null] ]
04-02 22:53:52.115   741   974 D OemPaidWifiNetworkFactory: got request NetworkRequest [ REQUEST id=264, [ Capabilities: INTERNET&NOT_RESTRICTED&TRUSTED&NOT_VCN_MANAGED&NOT_BANDWIDTH_CONSTRAINED Uid: 10182 RequestorUid: 1000 RequestorPkg: android UnderlyingNetworks: Null] ]
04-02 22:53:52.115   741   974 D MultiInternetWifiNetworkFactory: got request NetworkRequest [ REQUEST id=264, [ Capabilities: INTERNET&NOT_RESTRICTED&TRUSTED&NOT_VCN_MANAGED&NOT_BANDWIDTH_CONSTRAINED Uid: 10182 RequestorUid: 1000 RequestorPkg: android UnderlyingNetworks: Null] ]
04-02 22:53:52.115   741   982 D ConnectivityService: NetReassign [264 : null ΓåÆ 104] [c 3] [a 2] [i 3]
04-02 22:53:52.148   529   560 W skia    : AGTM parsing failed flags.readFromStream(s) at 159
04-02 22:53:53.631   741   974 I HalDevMgr: bestIfaceCreationProposal is null, requestIface=STA, existingIface=[name=wlan0 type=STA]
04-02 22:53:53.634   741  1014 I AdbWifiNetworkMonitor: Wi-Fi network available
04-02 22:53:53.634   741  1014 I AdbWifiNetworkMonitor: Received the same Wi-Fi SSID. Ignoring.
04-02 22:53:53.653  1453  5411 I NullBinder: NullBinder for android.net.action.RECOMMEND_NETWORKS triggering remote TransactionTooLargeException due to Service without Chimera impl, calling uid: 1000, calling pid: 0
04-02 22:53:53.653  1453  5411 W libbinder.Binder: Large reply transaction of 1056768 bytes, interface descriptor , function: UNKNOWN_FUNCTION_NAME, code: 1, flags: 17
04-02 22:53:55.280 11634 11634 I Choreographer: Skipped 190 frames!  The application may be doing too much work on its main thread.
04-02 22:53:55.312 11634 11647 I HWUI    : Davey! duration=3276ms; Flags=0, FrameTimelineVsyncId=131441, IntendedVsync=9504204098400, Vsync=9504204098400, InputEventId=0, HandleInputStart=9504217572320, AnimationStart=9504217573401, PerformTraversalsStart=9504250345875, DrawStart=9504251226036, FrameDeadline=9504287431730, FrameStartTime=9504217482304, FrameInterval=16666666, WorkloadTarget=16666666, SyncQueued=9504286423793, SyncStart=9504286483061, IssueDrawCommandsStart=9504287319912, SwapBuffers=9507459788444, FrameCompleted=9507480741235, DequeueBufferDuration=9224, QueueBufferDuration=608037, GpuCompleted=9507480741235, SwapBuffersCompleted=9507462381737, DisplayPresentTime=0, CommandSubmissionCompleted=9507459788444, 
04-02 22:53:55.312   529   560 W skia    : AGTM parsing failed flags.readFromStream(s) at 159
04-02 22:53:55.331 11662 11702 E ashmem  : readlink(/proc/self/fd/120) failed: Operation not permitted
04-02 22:53:55.333 11662 11702 E ashmem  : readlink(/proc/self/fd/122) failed: Operation not permitted
04-02 22:53:55.349 11662 11702 E ashmem  : readlink(/proc/self/fd/126) failed: Operation not permitted
04-02 22:53:55.378 11634 11769 D ProfileInstaller: Installing profile for com.studioagents.app
04-02 22:53:55.414 11634 11645 I HWUI    : Davey! duration=3253ms; Flags=0, FrameTimelineVsyncId=131464, IntendedVsync=9504304098396, Vsync=9507470764936, InputEventId=0, HandleInputStart=9507471314869, AnimationStart=9507471317606, PerformTraversalsStart=9507475775705, DrawStart=9507476214527, FrameDeadline=9507554098266, FrameStartTime=9507470807992, FrameInterval=16666666, WorkloadTarget=16666666, SyncQueued=9507478859303, SyncStart=9507510867991, IssueDrawCommandsStart=9507510937833, SwapBuffers=9507571263778, FrameCompleted=9507589979379, DequeueBufferDuration=8482, QueueBufferDuration=538151, GpuCompleted=9507589979379, SwapBuffersCompleted=9507576333826, DisplayPresentTime=0, CommandSubmissionCompleted=9507571263778, 
04-02 22:53:55.432   529   560 W skia    : AGTM parsing failed flags.readFromStream(s) at 159
04-02 22:53:55.490 11662 11702 E ashmem  : readlink(/proc/self/fd/124) failed: Operation not permitted
04-02 22:53:55.767   529   560 W skia    : AGTM parsing failed flags.readFromStream(s) at 159
04-02 22:53:55.889  1086  1086 I wpa_supplicant: wlan0: CTRL-EVENT-BEACON-LOSS 
04-02 22:53:55.963   529   560 W skia    : AGTM parsing failed flags.readFromStream(s) at 159
04-02 22:53:56.064 11634 11640 I tudioagents.app: Compiler allocated 5236KB to compile void android.view.ViewRootImpl.performTraversals(long)
04-02 22:53:56.177 11662 11689 E ashmem  : readlink(/proc/self/fd/127) failed: Operation not permitted
04-02 22:53:56.383 11634 11645 I HWUI    : Davey! duration=726ms; Flags=0, FrameTimelineVsyncId=131505, IntendedVsync=9507637431596, Vsync=9507920764918, InputEventId=0, HandleInputStart=9507929972127, AnimationStart=9507929973420, PerformTraversalsStart=9507950332002, DrawStart=9507950737578, FrameDeadline=9508154098242, FrameStartTime=9507928899809, FrameInterval=16666666, WorkloadTarget=16666666, SyncQueued=9507952027089, SyncStart=9508132154984, IssueDrawCommandsStart=9508132216208, SwapBuffers=9508539937473, FrameCompleted=9508544418114, DequeueBufferDuration=10845, QueueBufferDuration=2805167, GpuCompleted=9508544275993, SwapBuffersCompleted=9508544418114, DisplayPresentTime=0, CommandSubmissionCompleted=9508539937473, 
04-02 22:53:56.397   529   560 W skia    : AGTM parsing failed flags.readFromStream(s) at 159
04-02 22:53:56.649   741  1014 I AdbWifiNetworkMonitor: Wi-Fi network available
04-02 22:53:56.649   741  1014 I AdbWifiNetworkMonitor: Received the same Wi-Fi SSID. Ignoring.
04-02 22:53:56.689   741   974 I HalDevMgr: bestIfaceCreationProposal is null, requestIface=STA, existingIface=[name=wlan0 type=STA]
04-02 22:53:56.792  1453  5411 I NullBinder: NullBinder for android.net.action.RECOMMEND_NETWORKS triggering remote TransactionTooLargeException due to Service without Chimera impl, calling uid: 1000, calling pid: 0
04-02 22:53:56.794  1453  5411 W libbinder.Binder: Large reply transaction of 1056768 bytes, interface descriptor , function: UNKNOWN_FUNCTION_NAME, code: 1, flags: 17
04-02 22:53:56.807  1210  1365 D IpClient/wlan0: interfaceLinkStateChanged: ifindex 16 up
04-02 22:53:56.839  1210  1365 D IpClient/wlan0: interfaceLinkStateChanged: ifindex 16 up
04-02 22:53:56.842  1210  1365 D IpClient/wlan0: interfaceLinkStateChanged: ifindex 16 up
04-02 22:53:56.842  1210  1365 D IpClient/wlan0: interfaceLinkStateChanged: ifindex 16 up
04-02 22:53:56.843  1210  1365 D IpClient/wlan0: interfaceLinkStateChanged: ifindex 16 up
04-02 22:53:56.895  2273  7369 I artd    : GetBestInfo: odex next to the dex file (/data/app/~~5A9rNzwosbgWl0uSBZpy9A==/com.google.android.gms-secq-1URpF3TYmp3ZdWbug==/oat/x86_64/base.odex) is kOatUpToDate with filter 'speed-profile' executable 'false'
04-02 22:53:56.912  2273  7369 I artd    : GetBestInfo: dm (/data/app/~~5A9rNzwosbgWl0uSBZpy9A==/com.google.android.gms-secq-1URpF3TYmp3ZdWbug==/split_AdsDynamite_installtime.dm) is kOatUpToDate with filter 'verify' executable 'false'
04-02 22:53:56.919  2273  7369 I artd    : GetBestInfo: dm (/data/app/~~5A9rNzwosbgWl0uSBZpy9A==/com.google.android.gms-secq-1URpF3TYmp3ZdWbug==/split_CronetDynamite_installtime.dm) is kOatUpToDate with filter 'verify' executable 'false'
04-02 22:53:56.926  2273  7369 I artd    : GetBestInfo: dm (/data/app/~~5A9rNzwosbgWl0uSBZpy9A==/com.google.android.gms-secq-1URpF3TYmp3ZdWbug==/split_DynamiteLoader_installtime.dm) is kOatUpToDate with filter 'verify' executable 'false'
04-02 22:53:56.932  2273  7369 I artd    : GetBestInfo: dm (/data/app/~~5A9rNzwosbgWl0uSBZpy9A==/com.google.android.gms-secq-1URpF3TYmp3ZdWbug==/split_DynamiteModulesA_installtime.dm) is kOatUpToDate with filter 'verify' executable 'false'
04-02 22:53:56.938  2273  7369 I artd    : GetBestInfo: dm (/data/app/~~5A9rNzwosbgWl0uSBZpy9A==/com.google.android.gms-secq-1URpF3TYmp3ZdWbug==/split_DynamiteModulesC_installtime.dm) is kOatUpToDate with filter 'verify' executable 'false'
04-02 22:53:56.945  2273  7369 I artd    : GetBestInfo: dm (/data/app/~~5A9rNzwosbgWl0uSBZpy9A==/com.google.android.gms-secq-1URpF3TYmp3ZdWbug==/split_GoogleCertificates_installtime.dm) is kOatUpToDate with filter 'verify' executable 'false'
04-02 22:53:56.950 11634 11634 I Choreographer: Skipped 32 frames!  The application may be doing too much work on its main thread.
04-02 22:53:56.955  2273  7369 I artd    : GetBestInfo: dm (/data/app/~~5A9rNzwosbgWl0uSBZpy9A==/com.google.android.gms-secq-1URpF3TYmp3ZdWbug==/split_MapsDynamite_installtime.dm) is kOatUpToDate with filter 'verify' executable 'false'
04-02 22:53:56.967  2273  2273 I artd    : GetBestInfo: dm (/data/app/~~5A9rNzwosbgWl0uSBZpy9A==/com.google.android.gms-secq-1URpF3TYmp3ZdWbug==/split_MeasurementDynamite_installtime.dm) is kOatUpToDate with filter 'verify' executable 'false'
04-02 22:53:56.975  2273  2273 I artd    : GetBestInfo: /data/user_de/0/com.google.android.gms/app_chimera/m/00000008/dl-TfliteDynamiteDynamite.integ_243930802100800.apk has no usable artifacts
04-02 22:53:56.979  2273  7369 I artd    : GetBestInfo: /data/user_de/0/com.google.android.gms/app_chimera/m/00000001/CronetDynamite.apk has no usable artifacts
04-02 22:53:56.985  2273  7369 I artd    : GetBestInfo: /data/user_de/0/com.google.android.gms/app_chimera/m/00000009/dl-Appsearch.optional_260235100800.apk has no usable artifacts
04-02 22:53:56.989 11634 11645 I HWUI    : Davey! duration=1006ms; Flags=0, FrameTimelineVsyncId=131535, IntendedVsync=9508154098242, Vsync=9508554098226, InputEventId=0, HandleInputStart=9508566839842, AnimationStart=9508566843587, PerformTraversalsStart=9508571957888, DrawStart=9508572695839, FrameDeadline=9508587431558, FrameStartTime=9508558637509, FrameInterval=16666666, WorkloadTarget=16666666, SyncQueued=9508574021761, SyncStart=9508574451102, IssueDrawCommandsStart=9508574716262, SwapBuffers=9509131757704, FrameCompleted=9509161524960, DequeueBufferDuration=9847, QueueBufferDuration=541653, GpuCompleted=9509161524960, SwapBuffersCompleted=9509138075018, DisplayPresentTime=0, CommandSubmissionCompleted=9509131757704, 
04-02 22:53:56.994   529   560 W skia    : AGTM parsing failed flags.readFromStream(s) at 159
04-02 22:53:56.996  2273  7369 I artd    : GetBestInfo: /data/user_de/0/com.google.android.gms/app_chimera/m/00000016/dl-MlkitOcrCommon.optional_261133100800.apk has no usable artifacts
04-02 22:53:56.999  2273  2273 I artd    : GetBestInfo: /data/user_de/0/com.google.android.gms/app_chimera/m/00000002/DynamiteLoader.apk has no usable artifacts
04-02 22:53:57.000  2273  2276 I artd    : GetBestInfo: /data/user_de/0/com.google.android.gms/app_chimera/m/00000005/GoogleCertificates.apk has no usable artifacts
04-02 22:53:57.010  2273  2276 I artd    : GetBestInfo: /data/user_de/0/com.google.android.gms/app_chimera/m/00000014/dl-Appsearch.optional_261133100800.apk has no usable artifacts
04-02 22:53:57.021  2273  2276 I artd    : GetBestInfo: /data/user_de/0/com.google.android.gms/app_chimera/m/00000015/dl-MlkitBarcodeUi.optional_261133100800.apk has no usable artifacts
04-02 22:53:57.033  2273  2276 I artd    : GetBestInfo: /data/user_de/0/com.google.android.gms/app_chimera/m/00000012/dl-VisionOcr.optional_261133100000.apk has no usable artifacts
04-02 22:53:57.038  2273  2276 I artd    : GetBestInfo: vdex next to the dex file (/data/user/0/com.google.android.gms/app_dg_cache/BB2AE5A47BB198AF36C19CFD2B6407061A1BAF30/oat/x86_64/the.vdex) is kOatUpToDate with filter 'verify' executable 'false'
04-02 22:53:57.043  2273  2276 I artd    : GetBestInfo: /data/user_de/0/com.google.android.gms/app_chimera/m/00000010/dl-TfliteDynamiteDynamite.integ_252130102100800.apk has no usable artifacts
04-02 22:53:57.047  2273  2276 I artd    : GetBestInfo: /data/user_de/0/com.google.android.gms/app_chimera/m/00000013/dl-PlayCloudSearch.optional_261133100000.apk has no usable artifacts
04-02 22:53:57.054  2273  2276 I artd    : GetBestInfo: /data/user_de/0/com.google.android.gms/app_chimera/m/0000000e/dl-PlayCloudSearch.optional_260235100000.apk has no usable artifacts
04-02 22:53:57.056  2273  2276 I artd    : GetBestInfo: /data/user_de/0/com.google.android.gms/app_chimera/m/00000007/MeasurementDynamite.apk has no usable artifacts
04-02 22:53:57.093   529   560 W skia    : AGTM parsing failed flags.readFromStream(s) at 159
04-02 22:53:57.112   741   982 D InetDiagMessage: Destroyed 0 sockets, proto=IPPROTO_TCP, family=AF_INET, states=14
04-02 22:53:57.113   741   982 D InetDiagMessage: Destroyed 0 sockets, proto=IPPROTO_TCP, family=AF_INET6, states=14
04-02 22:53:57.114   741   982 D InetDiagMessage: Destroyed live tcp sockets for uids={10182} in 3ms
04-02 22:53:57.116   741   982 D InetDiagMessage: Destroyed 0 sockets, proto=IPPROTO_TCP, family=AF_INET, states=14
04-02 22:53:57.119   741   982 D InetDiagMessage: Destroyed 0 sockets, proto=IPPROTO_TCP, family=AF_INET6, states=14
04-02 22:53:57.119   741   982 D InetDiagMessage: Destroyed live tcp sockets for uids={20182} in 5ms
04-02 22:53:57.307 11634 11645 I HWUI    : Davey! duration=845ms; Flags=0, FrameTimelineVsyncId=131558, IntendedVsync=9508604098224, Vsync=9509137431536, InputEventId=0, HandleInputStart=9509142780698, AnimationStart=9509142783171, PerformTraversalsStart=9509152301585, DrawStart=9509152633215, FrameDeadline=9509220764866, FrameStartTime=9509140728482, FrameInterval=16666666, WorkloadTarget=16666666, SyncQueued=9509153594389, SyncStart=9509183066116, IssueDrawCommandsStart=9509183480758, SwapBuffers=9509459421232, FrameCompleted=9509479416824, DequeueBufferDuration=8576, QueueBufferDuration=773752, GpuCompleted=9509479416824, SwapBuffersCompleted=9509461461254, DisplayPresentTime=0, CommandSubmissionCompleted=9509459421232, 
04-02 22:53:57.313   529   560 W skia    : AGTM parsing failed flags.readFromStream(s) at 159
04-02 22:53:57.450   529   560 W skia    : AGTM parsing failed flags.readFromStream(s) at 159
04-02 22:53:57.559   529   560 W skia    : AGTM parsing failed flags.readFromStream(s) at 159
04-02 22:53:57.685   529   560 W skia    : AGTM parsing failed flags.readFromStream(s) at 159
04-02 22:53:57.784 11634 11641 W tudioagents.app: Suspending all threads took: 5.622ms
04-02 22:53:57.786   529   560 W skia    : AGTM parsing failed flags.readFromStream(s) at 159
04-02 22:53:57.889   529   560 W skia    : AGTM parsing failed flags.readFromStream(s) at 159
04-02 22:53:57.992   529   560 W skia    : AGTM parsing failed flags.readFromStream(s) at 159
04-02 22:53:58.095   529   560 W skia    : AGTM parsing failed flags.readFromStream(s) at 159
04-02 22:53:58.199   529   560 W skia    : AGTM parsing failed flags.readFromStream(s) at 159
04-02 22:53:58.249 11634 11641 I tudioagents.app: Background concurrent mark compact GC freed 6448KB AllocSpace bytes, 38(1808KB) LOS objects, 49% free, 4464KB/8929KB, paused 9.318ms,70.569ms total 577.546ms
04-02 22:53:58.463   529   560 W skia    : AGTM parsing failed flags.readFromStream(s) at 159
04-02 22:53:58.475 11634 11675 D Capacitor: Handling local request: https://localhost/icons/icon-16x16.png
04-02 22:53:58.479 11634 11677 D Capacitor: Handling local request: https://localhost/icons/icon-32x32.png
04-02 22:53:58.480 11634 11678 D Capacitor: Handling local request: https://localhost/icons/icon.svg
04-02 22:53:58.576   529   560 W skia    : AGTM parsing failed flags.readFromStream(s) at 159
04-02 22:53:58.679   529   560 W skia    : AGTM parsing failed flags.readFromStream(s) at 159
04-02 22:53:58.800   529   560 W skia    : AGTM parsing failed flags.readFromStream(s) at 159
04-02 22:53:58.910   529   560 W skia    : AGTM parsing failed flags.readFromStream(s) at 159
04-02 22:53:59.015   529   560 W skia    : AGTM parsing failed flags.readFromStream(s) at 159

